2026-08-10 12:07:32,829 [INFO] Cat_gruposvalidos.xlsx · hoja 'tabla valid': 52 filas útiles (0 descartadas, 0 duplicadas, 0 truncadas)
2026-08-10 12:07:33,004 [INFO] lider_grupo.xlsx · hoja 'Torres y lideres': 53 filas útiles (0 descartadas, 0 duplicadas, 0 truncadas)
2026-08-10 12:08:21,426 [INFO] Cat_gruposvalidos.xlsx · hoja 'tabla valid': 52 filas útiles (0 descartadas, 0 duplicadas, 0 truncadas)
2026-08-10 12:08:21,437 [INFO] lider_grupo.xlsx · hoja 'Torres y lideres': 53 filas útiles (0 descartadas, 0 duplicadas, 0 truncadas)
2026-08-10 12:08:22,178 [ERROR] [grupos] falló la carga: ('42000', "[42000] [Microsoft][ODBC Driver 18 for SQL Server][SQL Server]The EXECUTE permission was denied on the object 'usp_CargarCatGruposValidos', database 'Tickets_Proactivanet', schema 'dbo'. (229) (SQLExecDirectW)")
Traceback (most recent call last):
  File "C:\Users\edgarrad\OneDrive - soriana.com\Documentos\2026\Soriana\Iniciativas_IA\IA\20260727\importar_catalogos_excel.py", line 192, in main
    ins, upd = cargar(cn, cat, datos[nombre], lote)
               ~~~~~~^^^^^^^^^^^^^^^^^^^^^^^^^^^^^^
  File "C:\Users\edgarrad\OneDrive - soriana.com\Documentos\2026\Soriana\Iniciativas_IA\IA\20260727\importar_catalogos_excel.py", line 137, in cargar
    cur.execute("{CALL " + cat["sp"] + " (?)}", str(lote))
    ~~~~~~~~~~~^^^^^^^^^^^^^^^^^^^^^^^^^^^^^^^^^^^^^^^^^^^
pyodbc.ProgrammingError: ('42000', "[42000] [Microsoft][ODBC Driver 18 for SQL Server][SQL Server]The EXECUTE permission was denied on the object 'usp_CargarCatGruposValidos', database 'Tickets_Proactivanet', schema 'dbo'. (229) (SQLExecDirectW)")
2026-08-10 12:08:22,207 [ERROR] [lideres] falló la carga: ('42000', "[42000] [Microsoft][ODBC Driver 18 for SQL Server][SQL Server]The EXECUTE permission was denied on the object 'usp_CargarCatLiderGrupo', database 'Tickets_Proactivanet', schema 'dbo'. (229) (SQLExecDirectW)")
Traceback (most recent call last):
  File "C:\Users\edgarrad\OneDrive - soriana.com\Documentos\2026\Soriana\Iniciativas_IA\IA\20260727\importar_catalogos_excel.py", line 192, in main
    ins, upd = cargar(cn, cat, datos[nombre], lote)
               ~~~~~~^^^^^^^^^^^^^^^^^^^^^^^^^^^^^^
  File "C:\Users\edgarrad\OneDrive - soriana.com\Documentos\2026\Soriana\Iniciativas_IA\IA\20260727\importar_catalogos_excel.py", line 137, in cargar
    cur.execute("{CALL " + cat["sp"] + " (?)}", str(lote))
    ~~~~~~~~~~~^^^^^^^^^^^^^^^^^^^^^^^^^^^^^^^^^^^^^^^^^^^
pyodbc.ProgrammingError: ('42000', "[42000] [Microsoft][ODBC Driver 18 for SQL Server][SQL Server]The EXECUTE permission was denied on the object 'usp_CargarCatLiderGrupo', database 'Tickets_Proactivanet', schema 'dbo'. (229) (SQLExecDirectW)")
2026-08-10 12:14:23,126 [INFO] Cat_gruposvalidos.xlsx · hoja 'tabla valid': 52 filas útiles (0 descartadas, 0 duplicadas, 0 truncadas)
2026-08-10 12:14:23,133 [INFO] lider_grupo.xlsx · hoja 'Torres y lideres': 53 filas útiles (0 descartadas, 0 duplicadas, 0 truncadas)
2026-08-10 12:14:23,517 [INFO] [grupos] listo -> 52 nuevos, 0 actualizados (de 52 filas)
2026-08-10 12:14:23,568 [INFO] [lideres] listo -> 53 nuevos, 0 actualizados (de 53 filas)
2026-08-10 12:14:23,571 [INFO] Catálogos importados correctamente.
