Bloque                  Caso                                                     Queda                                                                                                                                                                                                                                                            Veredicto
----------------------- -------------------------------------------------------- ---------------------------------------------------------------------------------------------------------------------------------------------------------------------------------------------------------------------------------------------------------------- ---------
0) Prueba de la funcion [/Monitoreo Activación Continua /Job Control M]          [/Monitoreo Activación Continua/Job Control M]                                                                                                                                                                                                                   ok
0) Prueba de la funcion [/Monitoreo Activación Continua /Memoria/Memoria >= 90%] [/Monitoreo Activación Continua/Memoria/Memoria >= 90%]                                                                                                                                                                                                          ok
0) Prueba de la funcion [/ Punto de Venta /Aplicativo]                           [/Punto de Venta/Aplicativo]                                                                                                                                                                                                                                     ok
0) Prueba de la funcion [/Rama  /  Hija  ]                                       [/Rama/Hija]                                                                                                                                                                                                                                                     ok
0) Prueba de la funcion [/Servidores/Memoria >= 80%, Warning]                    [/Servidores/Memoria >= 80%, Warning]                                                                                                                                                                                                                            ok
0) Prueba de la funcion [/Punto de Venta/Aplicativo]                             [/Punto de Venta/Aplicativo]                                                                                                                                                                                                                                     ok

Bloque               Tabla                   Filas
-------------------- ----------------------- --------------------
1) Filas por limpiar dbo.Tickets (Categoria) 0

Bloque                        Antes                                                                                                                                                                                                                                                            Despues                                                                                                                                                                                                                                                          Tickets
----------------------------- ---------------------------------------------------------------------------------------------------------------------------------------------------------------------------------------------------------------------------------------------------------------- ---------------------------------------------------------------------------------------------------------------------------------------------------------------------------------------------------------------------------------------------------------------- --------------------

Bloque                    Tabla                                                                                                                                                                                                                                                            Estado
------------------------- ---------------------------------------------------------------------------------------------------------------------------------------------------------------------------------------------------------------------------------------------------------------- --------------------
1c) Catalogos encontrados dbo.Categorias (RutaCompleta)                                                                                                                                                                                                                                    se revisa
1c) Catalogos encontrados dbo.CategoriaServiceOwner (C1C2)                                                                                                                                                                                                                                 NO EXISTE - se salta
1c) Catalogos encontrados dbo.ProblemCategoria (Categoria)                                                                                                                                                                                                                                 se revisa
1c) Catalogos encontrados dbo.CatCategoriaDueno (CategoriaN2)                                                                                                                                                                                                                              se revisa
1c) Catalogos encontrados dbo.CatServicioCategoria (PrefijoCategoria)                                                                                                                                                                                                                      se revisa

Bloque                Tabla                                                                                                                                                                                                                                                            Filas
--------------------- ---------------------------------------------------------------------------------------------------------------------------------------------------------------------------------------------------------------------------------------------------------------- --------------------
1c) Filas por limpiar dbo.CatCategoriaDueno (CategoriaN2)                                                                                                                                                                                                                              0
1c) Filas por limpiar dbo.Categorias (RutaCompleta)                                                                                                                                                                                                                                    0
1c) Filas por limpiar dbo.CatServicioCategoria (PrefijoCategoria)                                                                                                                                                                                                                      0
1c) Filas por limpiar dbo.ProblemCategoria (Categoria)                                                                                                                                                                                                                                 0

Bloque              Tabla                                                                                                                                                                                                                                                            Llave                                                                                                                                                                                                                                                            LlaveLimpia
------------------- ---------------------------------------------------------------------------------------------------------------------------------------------------------------------------------------------------------------------------------------------------------------- ---------------------------------------------------------------------------------------------------------------------------------------------------------------------------------------------------------------------------------------------------------------- ----------------------------------------------------------------------------------------------------------------------------------------------------------------------------------------------------------------------------------------------------------------

Sin choques de llave: se puede aplicar.
Corregido. El detalle va en el resultado de abajo.
Bloque       Tabla                                                                                                                                                                                                                                                            Filas
------------ ---------------------------------------------------------------------------------------------------------------------------------------------------------------------------------------------------------------------------------------------------------------- -----------
3) Corregido dbo.CatCategoriaDueno (CategoriaN2)                                                                                                                                                                                                                              0
3) Corregido dbo.Categorias (RutaCompleta)                                                                                                                                                                                                                                    0
3) Corregido dbo.CatServicioCategoria (PrefijoCategoria)                                                                                                                                                                                                                      0
3) Corregido dbo.ProblemCategoria (Categoria)                                                                                                                                                                                                                                 0
3) Corregido dbo.Tickets (Categoria)                                                                                                                                                                                                                                          0

Bloque                   CategoriasAfectadas TicketsContadosDeMas
------------------------ ------------------- --------------------
4a) Deben quedar en cero 0                   0

Bloque         Origen              Tickets
-------------- ------------------- --------------------
4b) Referencia vw_Tickets          13283
4b) Referencia vw_TicketsSlotsBase 13283
4b) Referencia vw_TBSlotCAT (suma) 13283

Hora de finalizacion: 2026-09-14T23:50:59.8382472Z

Hora de finalización: 2026-09-14T17:50:59.8429777-06:00
