Ventana del tablero: 2026-09-10 a 2026-09-24
Bloque                 Objeto                                                                                                                                                                                                                                                           Tipo                                                         ModificadoMexico        CreadoMexico
---------------------- ---------------------------------------------------------------------------------------------------------------------------------------------------------------------------------------------------------------------------------------------------------------- ------------------------------------------------------------ ----------------------- -----------------------
1) Ultima modificacion dbo.vw_CorreoQA_Base                                                                                                                                                                                                                                             VIEW                                                         2026-09-25 13:16:55.043 2026-08-11 09:45:04.837
1) Ultima modificacion dbo.vw_GruposValidos                                                                                                                                                                                                                                             VIEW                                                         2026-09-25 11:24:32.407 2026-08-10 05:35:02.037
1) Ultima modificacion dbo.usp_CorreoQA_GruposValidos                                                                                                                                                                                                                                   SQL_STORED_PROCEDURE                                         2026-09-25 11:18:42.157 2026-08-11 09:45:04.890
1) Ultima modificacion dbo.usp_CorreoQA_CatalogoCategorias                                                                                                                                                                                                                              SQL_STORED_PROCEDURE                                         2026-09-25 11:18:42.150 2026-08-11 09:45:04.880
1) Ultima modificacion dbo.usp_CorreoQA_Detalle                                                                                                                                                                                                                                         SQL_STORED_PROCEDURE                                         2026-09-25 11:18:42.143 2026-08-11 09:45:04.877
1) Ultima modificacion dbo.usp_CorreoQA_TendenciaPorTecnico                                                                                                                                                                                                                             SQL_STORED_PROCEDURE                                         2026-09-25 11:18:42.137 2026-08-11 09:45:04.870
1) Ultima modificacion dbo.usp_CorreoQA_TendenciaPorGrupo                                                                                                                                                                                                                               SQL_STORED_PROCEDURE                                         2026-09-25 11:18:42.130 2026-08-11 09:45:04.867
1) Ultima modificacion dbo.usp_CorreoQA_TopCategorias                                                                                                                                                                                                                                   SQL_STORED_PROCEDURE                                         2026-09-25 11:18:42.123 2026-08-11 09:45:04.860
1) Ultima modificacion dbo.usp_CorreoQA_PorTecnico                                                                                                                                                                                                                                      SQL_STORED_PROCEDURE                                         2026-09-25 11:18:42.117 2026-08-11 09:45:04.853
1) Ultima modificacion dbo.usp_CorreoQA_PorGrupo                                                                                                                                                                                                                                        SQL_STORED_PROCEDURE                                         2026-09-25 11:18:42.107 2026-08-11 09:45:04.850
1) Ultima modificacion dbo.usp_CorreoQA_Kpis                                                                                                                                                                                                                                            SQL_STORED_PROCEDURE                                         2026-09-25 11:18:42.083 2026-08-11 09:45:04.843
1) Ultima modificacion dbo.vw_CorreoQA_CategoriaUnica                                                                                                                                                                                                                                   VIEW                                                         2026-09-25 11:18:42.060 2026-08-11 09:45:04.830

Bloque              EsLaDelRepositorio Huella       FiltrosNotLike       NombraAplicativosPV NombraAmpliacionPV Largo
------------------- ------------------ ------------ -------------------- ------------------- ------------------ --------------------
1b) La vista de hoy NO                 675629BCB2BA 6                    no                  no                 4322

2) No se pudo leer la traza por omision: You do not have permission to run 'SYS.TRACES'.
Bloque                   Filas                Incorrectos PctIncorrectos                          Milisegundos TopDelTablero
------------------------ -------------------- ----------- --------------------------------------- ------------ -------------
3) Lectura de la ventana 3854                 332         8.61                                    1264         50000

Bloque                       Categoria                                                                                                                                                                                                                                                        Tickets              Incorrectos PctDelTotal
---------------------------- ---------------------------------------------------------------------------------------------------------------------------------------------------------------------------------------------------------------------------------------------------------------- -------------------- ----------- ---------------------------------------
4) Mas tickets en la ventana /S-Caja General/Aplicación Caja General                                                                                                                                                                                                                          501                  18          13.0
4) Mas tickets en la ventana /S-Biométrico/Falla en sistema de biométrico                                                                                                                                                                                                                     288                  0           7.5
4) Mas tickets en la ventana /S-Gestión de Inventarios y Recibo de mercancia/App Evolucion                                                                                                                                                                                                    228                  20          5.9
4) Mas tickets en la ventana /S-Ampliacion Punto de Venta/Aplicativo                                                                                                                                                                                                                          195                  5           5.1
4) Mas tickets en la ventana /S-Equipo de Computo/Hardware                                                                                                                                                                                                                                    165                  7           4.3
4) Mas tickets en la ventana /S-Basculas/Aplicativo                                                                                                                                                                                                                                           161                  9           4.2
4) Mas tickets en la ventana /S-Caja General/Aplicacion Backoffice POS                                                                                                                                                                                                                        160                  5           4.2
4) Mas tickets en la ventana /S-Acceso Aplicaciones - Permisos/Usuario de red                                                                                                                                                                                                                 140                  11          3.6
4) Mas tickets en la ventana /S-Acceso Aplicaciones - Permisos/SAP                                                                                                                                                                                                                            114                  3           3.0
4) Mas tickets en la ventana /S-Logistica/FENIX WMS - RECIBO PROVEEDORES                                                                                                                                                                                                                      112                  1           2.9
4) Mas tickets en la ventana /S-Mesa de Control/Aplicación                                                                                                                                                                                                                                    88                   12          2.3
4) Mas tickets en la ventana /S-Equipo de Computo/Aplicativo                                                                                                                                                                                                                                  74                   9           1.9
4) Mas tickets en la ventana /S-Biométrico/Solicitud de servicio                                                                                                                                                                                                                              71                   0           1.8
4) Mas tickets en la ventana /S-Comunicaciones/Error de comunicación                                                                                                                                                                                                                          64                   9           1.7
4) Mas tickets en la ventana /S-Comunicaciones/Red inalámbrica                                                                                                                                                                                                                                63                   2           1.6

Bloque                        SemanaDel  PuntoDeVentaAplicativo DeEsasAmpliaciones AmpliacionPuntoDeVenta AplicativosPuntoDeVenta TodosLosTickets
----------------------------- ---------- ---------------------- ------------------ ---------------------- ----------------------- --------------------
5) Por semana, en dbo.Tickets 2026-07-13 131                    17                 0                      0                       2966
5) Por semana, en dbo.Tickets 2026-07-20 368                    52                 0                      0                       9777
5) Por semana, en dbo.Tickets 2026-07-27 517                    61                 3                      0                       6943
5) Por semana, en dbo.Tickets 2026-08-03 385                    66                 16                     0                       6107
5) Por semana, en dbo.Tickets 2026-08-10 583                    73                 35                     0                       7836
5) Por semana, en dbo.Tickets 2026-08-17 468                    51                 28                     0                       6540
5) Por semana, en dbo.Tickets 2026-08-24 386                    61                 37                     1                       6101
5) Por semana, en dbo.Tickets 2026-08-31 316                    53                 43                     1                       6002
5) Por semana, en dbo.Tickets 2026-09-07 181                    22                 295                    7                       5923
5) Por semana, en dbo.Tickets 2026-09-14 0                      0                  142                    195                     5367
5) Por semana, en dbo.Tickets 2026-09-21 0                      0                  25                     189                     4472

Bloque                        Regla                                                        Tickets     Incorrectos TotalDeLaVentana
----------------------------- ------------------------------------------------------------ ----------- ----------- --------------------
6) Lo que quitaria cada regla Ampliaciones de importe de cualquier arbol de Punto de Venta 2           2           3854
6) Lo que quitaria cada regla Todo S-Ampliacion Punto de Venta                             213         5           3854
6) Lo que quitaria cada regla Todo S-Aplicativos Punto de Venta                            202         173         3854

Bloque                                     Categoria                                                                                                                                                                                                                                                        Tickets              Incorrectos
------------------------------------------ ---------------------------------------------------------------------------------------------------------------------------------------------------------------------------------------------------------------------------------------------------------------- -------------------- -----------
6b) Dentro de S-Aplicativos Punto de Venta /S-Aplicativos Punto de Venta/Linea de cajas/Escalamiento Nivel 2                                                                                                                                                                                                29                   0
6b) Dentro de S-Aplicativos Punto de Venta /S-Aplicativos Punto de Venta/Alta de Cajero/Modo autónomo                                                                                                                                                                                                       20                   20
6b) Dentro de S-Aplicativos Punto de Venta /S-Aplicativos Punto de Venta/Modo autónomo/Capture registro de modo autónomo                                                                                                                                                                                    18                   18
6b) Dentro de S-Aplicativos Punto de Venta /S-Aplicativos Punto de Venta/Registro de Mercancía/Lentitud al marcar la mercancía                                                                                                                                                                              12                   12
6b) Dentro de S-Aplicativos Punto de Venta /S-Aplicativos Punto de Venta/Versión incorrecta/Caja con versión incorrecta                                                                                                                                                                                     12                   12
6b) Dentro de S-Aplicativos Punto de Venta /S-Aplicativos Punto de Venta/Alta de Cajero/Incidencia con tarjeta bonomatic o pin incorrecto                                                                                                                                                                   11                   11
6b) Dentro de S-Aplicativos Punto de Venta /S-Aplicativos Punto de Venta/Aprecio - Soriana Ya -  Omonel -  Falabella -  numero Telefónico/Lentitud al identificar el cliente                                                                                                                                9                    9
6b) Dentro de S-Aplicativos Punto de Venta /S-Aplicativos Punto de Venta/Pago Servicios/Servicio Invalido - No existe Servicio                                                                                                                                                                              9                    9
6b) Dentro de S-Aplicativos Punto de Venta /S-Aplicativos Punto de Venta/Alta de Cajero/Modo entrenamiento                                                                                                                                                                                                  8                    8
6b) Dentro de S-Aplicativos Punto de Venta /S-Aplicativos Punto de Venta/Pago con tarjeta crédito y Debito/No hay conexión con el servidor                                                                                                                                                                  7                    7
6b) Dentro de S-Aplicativos Punto de Venta /S-Aplicativos Punto de Venta/Programa de lealtad/No se acumularon los puntos                                                                                                                                                                                    7                    7
6b) Dentro de S-Aplicativos Punto de Venta /S-Aplicativos Punto de Venta/Abono Tarjeta Crédito/Fuera de Linea - Error al cobrar - No existe emisor                                                                                                                                                          6                    6
6b) Dentro de S-Aplicativos Punto de Venta /S-Aplicativos Punto de Venta/Abono Tarjeta Regalo/Fuera de Linea - Error al cobrar                                                                                                                                                                              6                    6
6b) Dentro de S-Aplicativos Punto de Venta /S-Aplicativos Punto de Venta/Pago con tarjeta crédito y Debito/Retención de saldo                                                                                                                                                                               6                    6
6b) Dentro de S-Aplicativos Punto de Venta /S-Aplicativos Punto de Venta/Registro - Nota de crédito/No existe                                                                                                                                                                                               5                    5

Bloque                                    Categoria                                                                                                                                                                                                                                                        Tickets              Incorrectos
----------------------------------------- ---------------------------------------------------------------------------------------------------------------------------------------------------------------------------------------------------------------------------------------------------------------- -------------------- -----------
6c) Dentro de S-Ampliacion Punto de Venta /S-Ampliacion Punto de Venta/Aplicativo/Linea de cajas/Escalamiento Nivel 2                                                                                                                                                                                      46                   0
6c) Dentro de S-Ampliacion Punto de Venta /S-Ampliacion Punto de Venta/Aplicativo/Caja con error al realizar el cobro en el Punto de venta                                                                                                                                                                 43                   2
6c) Dentro de S-Ampliacion Punto de Venta /S-Ampliacion Punto de Venta/Aplicativo/Error con códigos de artículos                                                                                                                                                                                           25                   0
6c) Dentro de S-Ampliacion Punto de Venta /S-Ampliacion Punto de Venta/Aplicativo/Lentitud para alta de cajero                                                                                                                                                                                             21                   0
6c) Dentro de S-Ampliacion Punto de Venta /S-Ampliacion Punto de Venta/Aplicativo/Modo Autónomo o Pantalla Rosa                                                                                                                                                                                            12                   0
6c) Dentro de S-Ampliacion Punto de Venta /S-Ampliacion Punto de Venta/Aplicativo/Caja con Versión de PV desactualizada                                                                                                                                                                                    10                   0
6c) Dentro de S-Ampliacion Punto de Venta /S-Ampliacion Punto de Venta/Aplicativo/Incidentes con Tarjetas Bonomatic o Vales                                                                                                                                                                                10                   1
6c) Dentro de S-Ampliacion Punto de Venta /S-Ampliacion Punto de Venta/Aplicativo/No aplica Programa de Lealtad                                                                                                                                                                                            8                    1
6c) Dentro de S-Ampliacion Punto de Venta /S-Ampliacion Punto de Venta/Hardware/Falla Scanner Báscula                                                                                                                                                                                                      8                    0
6c) Dentro de S-Ampliacion Punto de Venta /S-Ampliacion Punto de Venta/Aplicativo/Incidentes de pago con Tarjeta bancaria Crédito o Debito                                                                                                                                                                 6                    1

Bloque                                                        GrupoQuePideElCatalogo                                                                               GrupoDelTicket                                                                                                                                                                                                                                                  Tickets              DeAplicativosPuntoDeVenta
------------------------------------------------------------- ---------------------------------------------------------------------------------------------------- --------------------------------------------------------------------------------------------------------------------------------------------------------------------------------------------------------------------------------------------------------------- -------------------- -------------------------
7) Incorrectos: grupo que pide el catalogo y grupo del ticket (el catalogo no dice)                                                                                Service Desk                                                                                                                                                                                                                                                    164                  163
7) Incorrectos: grupo que pide el catalogo y grupo del ticket Service Desk                                                                                         Soporte Especializado en Aplicativos Inetum                                                                                                                                                                                                                     20                   0
7) Incorrectos: grupo que pide el catalogo y grupo del ticket Soporte App Evolución Soriana Inetum                                                                 Soporte N3 WMS                                                                                                                                                                                                                                                  20                   0
7) Incorrectos: grupo que pide el catalogo y grupo del ticket End User                                                                                             Soporte Especializado en Aplicativos Inetum                                                                                                                                                                                                                     9                    0
7) Incorrectos: grupo que pide el catalogo y grupo del ticket Soporte Especializado en Aplicativos Inetum                                                          Service Desk                                                                                                                                                                                                                                                    8                    0
7) Incorrectos: grupo que pide el catalogo y grupo del ticket (el catalogo no dice)                                                                                End User                                                                                                                                                                                                                                                        7                    7
7) Incorrectos: grupo que pide el catalogo y grupo del ticket Soporte Especializado en Aplicativos Inetum                                                          End User                                                                                                                                                                                                                                                        7                    0
7) Incorrectos: grupo que pide el catalogo y grupo del ticket Seguridad Informática                                                                                Service Desk                                                                                                                                                                                                                                                    7                    0
7) Incorrectos: grupo que pide el catalogo y grupo del ticket Control Tower                                                                                        Soporte OAT                                                                                                                                                                                                                                                     6                    0
7) Incorrectos: grupo que pide el catalogo y grupo del ticket Seguridad Informática                                                                                Soporte OAT                                                                                                                                                                                                                                                     6                    0
7) Incorrectos: grupo que pide el catalogo y grupo del ticket Soporte RETO                                                                                         Laboratorio de Sistemas                                                                                                                                                                                                                                         5                    0
7) Incorrectos: grupo que pide el catalogo y grupo del ticket Soporte RETO                                                                                         Service Desk                                                                                                                                                                                                                                                    5                    0
7) Incorrectos: grupo que pide el catalogo y grupo del ticket (el catalogo no dice)                                                                                Soporte Especializado en Aplicativos Inetum                                                                                                                                                                                                                     4                    2
7) Incorrectos: grupo que pide el catalogo y grupo del ticket Soporte RETO                                                                                         End User                                                                                                                                                                                                                                                        3                    0
7) Incorrectos: grupo que pide el catalogo y grupo del ticket Soporte Campo                                                                                        End User                                                                                                                                                                                                                                                        3                    0

Bloque                          CorreoDel  Desde      Tickets              Incorrectos PctIncorrectos                          IncorrectosDeAplicativosPV
------------------------------- ---------- ---------- -------------------- ----------- --------------------------------------- --------------------------
8) Lo que habria dado el correo 2026-09-22 2026-09-07 5014                 421         8.40                                    170
8) Lo que habria dado el correo 2026-09-23 2026-09-08 4653                 395         8.49                                    170
8) Lo que habria dado el correo 2026-09-24 2026-09-09 4264                 361         8.47                                    174
8) Lo que habria dado el correo 2026-09-25 2026-09-10 3860                 334         8.65                                    175

Bloque                           Arbol                                GrupoQuePide                                                                                         Rutas                Vigentes    PrimeraAltaMexico           UltimaAltaMexico            UltimaCargaMexico
-------------------------------- ------------------------------------ ---------------------------------------------------------------------------------------------------- -------------------- ----------- --------------------------- --------------------------- ---------------------------
9) En el catalogo dbo.Categorias S-Ampliacion Punto de Venta          Service Desk                                                                                         26                   26          2026-08-07 14:32:43         2026-08-07 14:32:43         2026-09-21 14:00:47
9) En el catalogo dbo.Categorias S-Ampliacion Punto de Venta          Soporte Especializado en Aplicativos Inetum                                                          7                    7           2026-08-07 14:32:43         2026-08-07 14:32:43         2026-09-17 13:00:51
9) En el catalogo dbo.Categorias S-Ampliacion Punto de Venta          Soporte Campo                                                                                        6                    6           2026-08-07 14:32:43         2026-08-07 14:32:43         2026-09-15 08:35:54
9) En el catalogo dbo.Categorias S-Ampliacion Punto de Venta          (vacio)                                                                                              3                    3           2026-08-07 14:32:43         2026-08-07 14:32:43         2026-09-15 08:35:54
9) En el catalogo dbo.Categorias S-Ampliacion Punto de Venta          End User                                                                                             2                    2           2026-08-07 14:32:43         2026-08-07 14:32:43         2026-09-15 08:35:54
9) En el catalogo dbo.Categorias S-Aplicativos Punto de Venta (nuevo) (vacio)                                                                                              106                  106         2026-08-31 08:26:18         2026-09-03 08:35:38         2026-09-21 14:00:47
9) En el catalogo dbo.Categorias S-Aplicativos Punto de Venta (nuevo) Soporte Especializado en Aplicativos Inetum                                                          5                    5           2026-09-14 08:44:22         2026-09-17 12:00:52         2026-09-17 13:00:51
9) En el catalogo dbo.Categorias S-Aplicativos Punto de Venta (nuevo) Service Desk                                                                                         4                    4           2026-08-31 08:26:18         2026-08-31 08:26:18         2026-09-15 08:35:54

Fin: 2026-09-25T21:09:27.1364564Z

Hora de finalización: 2026-09-25T15:09:27.1409170-06:00
