Mens. 207, Nivel 16, Estado 1, Línea 74
Invalid column name 'FechaEstimadaOlaUc'.
Mens. 207, Nivel 16, Estado 1, Línea 78
Invalid column name 'FechaEstimadaOlaUc'.
Mens. 207, Nivel 16, Estado 1, Línea 79
Invalid column name 'FechaEstimadaOlaUc'.
Mens. 207, Nivel 16, Estado 1, Línea 110
Invalid column name 'FechaEstimadaOlaUc'.
Mens. 207, Nivel 16, Estado 1, Línea 116
Invalid column name 'FechaEstimadaOlaUc'.
Mens. 207, Nivel 16, Estado 1, Línea 117
Invalid column name 'FechaEstimadaOlaUc'.
Mens. 207, Nivel 16, Estado 1, Línea 179
Invalid column name 'FechaEstimadaOlaUc'.
Mens. 207, Nivel 16, Estado 1, Línea 180
Invalid column name 'FechaEstimadaOlaUc'.
Mens. 207, Nivel 16, Estado 1, Línea 224
Invalid column name 'FechaEstimadaOlaUc'.
Mens. 207, Nivel 16, Estado 1, Línea 225
Invalid column name 'FechaEstimadaOlaUc'.
Mens. 207, Nivel 16, Estado 1, Línea 280
Invalid column name 'FechaEstimadaOlaUc'.
Mens. 207, Nivel 16, Estado 1, Línea 281
Invalid column name 'FechaEstimadaOlaUc'.
Bloque                    Subestado                                                                                            Exento Tickets
------------------------- ---------------------------------------------------------------------------------------------------- ------ --------------------
6) Subestados del backlog En Proceso                                                                                           no     2492
6) Subestados del backlog En trámite de compra                                                                                 SI     875
6) Subestados del backlog Reasignado                                                                                           no     488
6) Subestados del backlog Acción del Usuario.                                                                                  no     231
6) Subestados del backlog En espera del CAB/Autorización                                                                       SI     69
6) Subestados del backlog Escalado/Dependencia                                                                                 SI     49
6) Subestados del backlog (sin subestado)                                                                                      no     3

Hora de finalizacion: 2026-09-23T16:36:10.7103824Z

Hora de finalización: 2026-09-23T10:36:10.7426452-06:00
