Bloque           Objeto                                   Estado
---------------- ---------------------------------------- -----------------------------------
1) Estado actual dbo.vw_TBSlotC2                          existe
1) Estado actual dbo.CategoriaServiceOwner (la que falta) NO EXISTE - por eso truena la vista
1) Estado actual dbo.CatCategoriaDueno (la de reemplazo)  existe

Bloque                           FilasCatalogo        ConServiceOwner      C1C2Distintas        C1C2ConDueno
-------------------------------- -------------------- -------------------- -------------------- --------------------
1b) Cobertura del catalogo nuevo 340                  333                  266                  222

dbo.vw_TBSlotC2 reparada: ahora cruza contra dbo.CatCategoriaDueno.
Bloque                Filas                ConServiceOwner SinServiceOwner
--------------------- -------------------- --------------- ---------------
3a) La vista responde 1564                 1451            113
Warning: Null value is eliminated by an aggregate or other SET operation.

Bloque                PorC1C2              PorCategoria         Veredicto
--------------------- -------------------- -------------------- ----------------------------------------------------------------
3b) Deben ser iguales 146571               146571               ok - el JOIN no multiplica filas

Bloque      Slot                                    C1&C2                                                                                                                                                                                                                                                            Aplica Tipo relación                                                                                                                                                                                                                                                   Incidencia  Petición de Servicio SorIA Peticiones SorIA Incidentes Total general        ServiceOwner
----------- --------------------------------------- ---------------------------------------------------------------------------------------------------------------------------------------------------------------------------------------------------------------------------------------------------------------- ------ --------------------------------------------------------------------------------------------------------------------------------------------------------------------------------------------------------------------------------------------------------------- ----------- -------------------- ---------------- ---------------- -------------------- ---------------------------------------------------------------------------------------------------------------------------------------------------------------------------------------------------------------------------------------------------------------
3c) Muestra 0                                       /S-Punto de Venta/Aplicativo                                                                                                                                                                                                                                     Si     Independiente                                                                                                                                                                                                                                                   956         180                  NULL             NULL             1136                 Roberto Carlos Delgado Oviedo
3c) Muestra 0                                       /S-Caja General/Aplicación Caja General                                                                                                                                                                                                                          Si     Independiente                                                                                                                                                                                                                                                   1063        49                   NULL             NULL             1112                 Juan Francisco Garcia Gonzalez
3c) Muestra 0                                       /S-Biométrico/Falla en sistema de biométrico                                                                                                                                                                                                                     Si     Independiente                                                                                                                                                                                                                                                   1022        NULL                 NULL             NULL             1022                 Javier de la Cruz Hinostroza
3c) Muestra 0                                       /S-Equipo de Computo/Hardware                                                                                                                                                                                                                                    Si     Independiente                                                                                                                                                                                                                                                   762         30                   NULL             NULL             792                  Javier de la Cruz Hinostroza
3c) Muestra 0                                       /S-Gestión de Inventarios y Recibo de mercancia/App Evolucion                                                                                                                                                                                                    Si     Independiente                                                                                                                                                                                                                                                   560         38                   NULL             NULL             598                  Claudia Veronica Cepeda Bernal
3c) Muestra 0                                       /S-Fenicia/Dispositivo PC & móvil                                                                                                                                                                                                                                Si     Independiente                                                                                                                                                                                                                                                   97          417                  NULL             NULL             514                  Maria De Los Angeles Gomez Montalvo
3c) Muestra 0                                       /S-Acceso Aplicaciones - Permisos/Usuario de red                                                                                                                                                                                                                 Si     Independiente                                                                                                                                                                                                                                                   NULL        360                  NULL             53               413                  Ramiro Gallardo Melendez
3c) Muestra 0                                       /S-Basculas/Hardware                                                                                                                                                                                                                                             Si     Independiente                                                                                                                                                                                                                                                   403         NULL                 NULL             NULL             403                  Javier de la Cruz Hinostroza
3c) Muestra 0                                       /S-Acceso Aplicaciones - Permisos/SAP                                                                                                                                                                                                                            Si     Independiente                                                                                                                                                                                                                                                   2           397                  3                NULL             402                  Erik Delgado Medina
3c) Muestra 0                                       /S-Caja General/Aplicacion Backoffice POS                                                                                                                                                                                                                        Si     Independiente                                                                                                                                                                                                                                                   385         NULL                 NULL             NULL             385                  Juan Francisco Garcia Gonzalez
3c) Muestra 0                                       /S-Autocobro/Falla en periféricos                                                                                                                                                                                                                                Si     Independiente                                                                                                                                                                                                                                                   361         NULL                 NULL             NULL             361                  Sergio Tellez Maldonado
3c) Muestra 0                                       /S-Mesa de Control/Aplicación                                                                                                                                                                                                                                    Si     Independiente                                                                                                                                                                                                                                                   355         NULL                 NULL             NULL             355                  Maria De Los Angeles Gomez Montalvo
3c) Muestra 0                                       /S-Logistica/FENIX WMS                                                                                                                                                                                                                                           Si     Independiente                                                                                                                                                                                                                                                   273         81                   NULL             NULL             354                  Alberto Islas Lopez
3c) Muestra 0                                       /Soria/Punto de Venta                                                                                                                                                                                                                                            Si     Independiente                                                                                                                                                                                                                                                   NULL        NULL                 334              NULL             334                  Laura Gabriela Angeles Reynoso
3c) Muestra 0                                       /S-Basculas/Aplicativo                                                                                                                                                                                                                                           Si     Independiente                                                                                                                                                                                                                                                   204         123                  1                NULL             328                  Roberto Carlos Delgado Oviedo
3c) Muestra 0                                       /S-Punto de Venta/Hardware                                                                                                                                                                                                                                       Si     Independiente                                                                                                                                                                                                                                                   307         NULL                 NULL             NULL             307                  Javier de la Cruz Hinostroza
3c) Muestra 0                                       /S-Ampliacion Punto de Venta/Aplicativo                                                                                                                                                                                                                          Si     Independiente                                                                                                                                                                                                                                                   223         62                   NULL             NULL             285                  NULL
3c) Muestra 0                                       /S-Biométrico/Solicitud de servicio                                                                                                                                                                                                                              Si     Independiente                                                                                                                                                                                                                                                   NULL        280                  NULL             NULL             280                  Javier de la Cruz Hinostroza
3c) Muestra 0                                       /S-Equipo de Computo/Aplicativo                                                                                                                                                                                                                                  Si     Independiente                                                                                                                                                                                                                                                   182         71                   NULL             NULL             253                  Javier de la Cruz Hinostroza
3c) Muestra 0                                       /S-Biométrico/Fallas en Dispositivo Biométrico de control de Asistencia                                                                                                                                                                                          Si     Independiente                                                                                                                                                                                                                                                   185         NULL                 NULL             NULL             185                  Javier de la Cruz Hinostroza
Warning: Null value is eliminated by an aggregate or other SET operation.

Hora de finalizacion: 2026-09-15T15:40:25.5613608Z

Hora de finalización: 2026-09-15T09:40:25.5727278-06:00
