Bloque     Situacion    Tickets     ConIntentosSolucion ConReasignacionesGrupo ConTiempo1aRespuesta ConTiempo1aRespuestaHM ConTiempoAtencion ConTiempoResolucion
---------- ------------ ----------- ------------------- ---------------------- -------------------- ---------------------- ----------------- -------------------
1) Llenado Sin resolver 9587        9587                9587                   9587                 5739                   9587              3589
1) Llenado Resueltos    437500      437500              437500                 437500               437499                 437500            437495

Bloque                                       Valor                                                                                                Tickets
-------------------------------------------- ---------------------------------------------------------------------------------------------------- -----------
2a) TiempoPrimeraRespuesta (los mas comunes) 0                                                                                                    310259
2a) TiempoPrimeraRespuesta (los mas comunes) 1                                                                                                    25253
2a) TiempoPrimeraRespuesta (los mas comunes) 2                                                                                                    13706
2a) TiempoPrimeraRespuesta (los mas comunes) 3                                                                                                    9346
2a) TiempoPrimeraRespuesta (los mas comunes) 4                                                                                                    6987
2a) TiempoPrimeraRespuesta (los mas comunes) 5                                                                                                    5464
2a) TiempoPrimeraRespuesta (los mas comunes) 6                                                                                                    5018
2a) TiempoPrimeraRespuesta (los mas comunes) 7                                                                                                    4710
2a) TiempoPrimeraRespuesta (los mas comunes) 8                                                                                                    2996
2a) TiempoPrimeraRespuesta (los mas comunes) 9                                                                                                    2395
2a) TiempoPrimeraRespuesta (los mas comunes) 10                                                                                                   2223
2a) TiempoPrimeraRespuesta (los mas comunes) 12                                                                                                   1927
2a) TiempoPrimeraRespuesta (los mas comunes) 11                                                                                                   1770
2a) TiempoPrimeraRespuesta (los mas comunes) 13                                                                                                   1716
2a) TiempoPrimeraRespuesta (los mas comunes) 14                                                                                                   1548
2a) TiempoPrimeraRespuesta (los mas comunes) 15                                                                                                   1468
2a) TiempoPrimeraRespuesta (los mas comunes) 16                                                                                                   1421
2a) TiempoPrimeraRespuesta (los mas comunes) 17                                                                                                   1254
2a) TiempoPrimeraRespuesta (los mas comunes) 18                                                                                                   1165
2a) TiempoPrimeraRespuesta (los mas comunes) 19                                                                                                   1084

Bloque                                               Valor                                                                                                Tickets
---------------------------------------------------- ---------------------------------------------------------------------------------------------------- -----------
2b) TiempoPrimeraRespuestaHorasMin (los mas comunes) 0h 00m                                                                                               179414
2b) TiempoPrimeraRespuestaHorasMin (los mas comunes) 0h 01m                                                                                               21958
2b) TiempoPrimeraRespuestaHorasMin (los mas comunes) 0h 03m                                                                                               8178
2b) TiempoPrimeraRespuestaHorasMin (los mas comunes) 0h 04m                                                                                               7411
2b) TiempoPrimeraRespuestaHorasMin (los mas comunes) 0h 02m                                                                                               7401
2b) TiempoPrimeraRespuestaHorasMin (los mas comunes) 0h 05m                                                                                               6525
2b) TiempoPrimeraRespuestaHorasMin (los mas comunes) 0h 06m                                                                                               5695
2b) TiempoPrimeraRespuestaHorasMin (los mas comunes) 0h 07m                                                                                               5011
2b) TiempoPrimeraRespuestaHorasMin (los mas comunes) 0h 08m                                                                                               4596
2b) TiempoPrimeraRespuestaHorasMin (los mas comunes) 0h 09m                                                                                               3769
2b) TiempoPrimeraRespuestaHorasMin (los mas comunes) 0h 10m                                                                                               3430
2b) TiempoPrimeraRespuestaHorasMin (los mas comunes) 0h 11m                                                                                               3025
2b) TiempoPrimeraRespuestaHorasMin (los mas comunes) 0h 13m                                                                                               2640
2b) TiempoPrimeraRespuestaHorasMin (los mas comunes) 0h 12m                                                                                               2638
2b) TiempoPrimeraRespuestaHorasMin (los mas comunes) 0h 14m                                                                                               2134
2b) TiempoPrimeraRespuestaHorasMin (los mas comunes) 0h 15m                                                                                               1976
2b) TiempoPrimeraRespuestaHorasMin (los mas comunes) 0h 18m                                                                                               1886
2b) TiempoPrimeraRespuestaHorasMin (los mas comunes) 0h 16m                                                                                               1842
2b) TiempoPrimeraRespuestaHorasMin (los mas comunes) 0h 17m                                                                                               1831
2b) TiempoPrimeraRespuestaHorasMin (los mas comunes) 0h 20m                                                                                               1460

Bloque                                            Tickets     SoloDigitos ConDosPuntos ConLetras   MinLargo    MaxLargo    ValoresDistintos
------------------------------------------------- ----------- ----------- ------------ ----------- ----------- ----------- ----------------
2c) Formas que conviven en TiempoPrimeraRespuesta 447087      447087      0            0           1           4           1069

Bloque                      Intentos   Tickets     Pct
--------------------------- ---------- ----------- ---------------------------------------
3) Distribucion de intentos 0          15151       3.46
3) Distribucion de intentos 1          405390      92.66
3) Distribucion de intentos 2          13692       3.13
3) Distribucion de intentos 3          2357        0.54
3) Distribucion de intentos 4          594         0.14
3) Distribucion de intentos 5 o mas    316         0.07

Bloque                  Grupo                                                                                                                                                                                                                                                           Resueltos   Reabiertos  ReabiertosPct
----------------------- --------------------------------------------------------------------------------------------------------------------------------------------------------------------------------------------------------------------------------------------------------------- ----------- ----------- ---------------------------------------
4) Reabiertos por grupo Datos Maestros - Envios Línea F&R                                                                                                                                                                                                                               65          12          18.46
4) Reabiertos por grupo Servicios al Personal - Organización                                                                                                                                                                                                                            62          11          17.74
4) Reabiertos por grupo Proveedor Sonda                                                                                                                                                                                                                                                 537         94          17.50
4) Reabiertos por grupo Servicios al Personal - Control de Accesos                                                                                                                                                                                                                      387         61          15.76
4) Reabiertos por grupo Servicios al Personal - Cálculo                                                                                                                                                                                                                                 157         24          15.29
4) Reabiertos por grupo Servicios al Personal - Proveedor ITX V6                                                                                                                                                                                                                        427         64          14.99
4) Reabiertos por grupo Servicios al Personal - Caja de Ahorro                                                                                                                                                                                                                          944         119         12.61
4) Reabiertos por grupo Laboratorio de Sistemas                                                                                                                                                                                                                                         395         48          12.15
4) Reabiertos por grupo Control de equipos                                                                                                                                                                                                                                              708         86          12.15
4) Reabiertos por grupo Soporte N3 WMS                                                                                                                                                                                                                                                  223         27          12.11
4) Reabiertos por grupo Servicios al Personal - ISN                                                                                                                                                                                                                                     75          9           12.00
4) Reabiertos por grupo Proveedor Mexba                                                                                                                                                                                                                                                 276         32          11.59
4) Reabiertos por grupo Proveedor Realfix                                                                                                                                                                                                                                               363         41          11.29
4) Reabiertos por grupo Service Desk                                                                                                                                                                                                                                                    33288       3677        11.05
4) Reabiertos por grupo Seguridad Informática                                                                                                                                                                                                                                           6262        686         10.95
4) Reabiertos por grupo Servicios al Personal - Fonacot                                                                                                                                                                                                                                 2474        263         10.63
4) Reabiertos por grupo End User                                                                                                                                                                                                                                                        12142       1264        10.41
4) Reabiertos por grupo Control de Accesos TI                                                                                                                                                                                                                                           5721        583         10.19
4) Reabiertos por grupo WMS Nivel 2.5                                                                                                                                                                                                                                                   1154        117         10.14
4) Reabiertos por grupo Proveedor Transnetwork                                                                                                                                                                                                                                          787         77          9.78

Bloque                Mes     Resueltos   Reabiertos  ReabiertosPct
--------------------- ------- ----------- ----------- ---------------------------------------
5) Reabiertos por mes 2025-12 52667       1693        3.21
5) Reabiertos por mes 2026-01 57104       2160        3.78
5) Reabiertos por mes 2026-02 53610       1912        3.57
5) Reabiertos por mes 2026-03 53843       1961        3.64
5) Reabiertos por mes 2026-04 51651       1833        3.55
5) Reabiertos por mes 2026-05 44951       1745        3.88
5) Reabiertos por mes 2026-06 45963       1764        3.84
5) Reabiertos por mes 2026-07 40712       1681        4.13
5) Reabiertos por mes 2026-08 27960       1634        5.84
5) Reabiertos por mes 2026-09 9039        576         6.37

Bloque            Tickets     ValeCeroEnHoras EmpiezaCon0h Discrepan
----------------- ----------- --------------- ------------ -----------
6) Horas enteras? 443238      306410          306401       9

Bloque                                       Tickets     EmpatanElPatron NoEmpatanElPatron ConCaracteresRaros MinLargo    MaxLargo    ValoresDistintos
-------------------------------------------- ----------- --------------- ----------------- ------------------ ----------- ----------- ----------------
7) Formato de TiempoPrimeraRespuestaHorasMin 443238      443238          0                 0                  6           9           14996

Bloque                               Valor                                                                                                Tickets
------------------------------------ ---------------------------------------------------------------------------------------------------- -----------

Bloque                      Estado                                                                                               Subestado                                                                                            Tipo                                                                                                 Tickets
--------------------------- ---------------------------------------------------------------------------------------------------- ---------------------------------------------------------------------------------------------------- ---------------------------------------------------------------------------------------------------- -----------
8) Resueltos con 0 intentos Rechazada                                                                                            NULL                                                                                                 Petición de Servicio                                                                                 10273
8) Resueltos con 0 intentos Rechazada                                                                                            NULL                                                                                                 Incidencia                                                                                           4532
8) Resueltos con 0 intentos Rechazada                                                                                            NULL                                                                                                 SorIA Peticiones                                                                                     239
8) Resueltos con 0 intentos Rechazada                                                                                            NULL                                                                                                 SorIA Incidentes                                                                                     106
8) Resueltos con 0 intentos Cerrada                                                                                              NULL                                                                                                 SorIA Peticiones                                                                                     1


Hora de finalización: 2026-09-11T11:46:53.4884235-06:00
