Bloque                  Caso                                                     Queda                                                                                                                                                                                                                                                            Veredicto
----------------------- -------------------------------------------------------- ---------------------------------------------------------------------------------------------------------------------------------------------------------------------------------------------------------------------------------------------------------------- ---------
0) Prueba de la funcion [/Monitoreo Activación Continua /Job Control M]          [/Monitoreo Activación Continua/Job Control M]                                                                                                                                                                                                                   ok
0) Prueba de la funcion [/Monitoreo Activación Continua /Memoria/Memoria >= 90%] [/Monitoreo Activación Continua/Memoria/Memoria >= 90%]                                                                                                                                                                                                          ok
0) Prueba de la funcion [/ Punto de Venta /Aplicativo]                           [/Punto de Venta/Aplicativo]                                                                                                                                                                                                                                     ok
0) Prueba de la funcion [/Rama  /  Hija  ]                                       [/Rama/Hija]                                                                                                                                                                                                                                                     ok
0) Prueba de la funcion [/Servidores/Memoria >= 80%, Warning]                    [/Servidores/Memoria >= 80%, Warning]                                                                                                                                                                                                                            ok
0) Prueba de la funcion [/Punto de Venta/Aplicativo]                             [/Punto de Venta/Aplicativo]                                                                                                                                                                                                                                     ok

Mens. 208, Nivel 16, Estado 1, Línea 184
Invalid object name 'dbo.CategoriaServiceOwner'.
Bloque                        Antes                                                                                                                                                                                                                                                            Despues                                                                                                                                                                                                                                                          Tickets
----------------------------- ---------------------------------------------------------------------------------------------------------------------------------------------------------------------------------------------------------------------------------------------------------------- ---------------------------------------------------------------------------------------------------------------------------------------------------------------------------------------------------------------------------------------------------------------- --------------------
1b) Antes y despues (Tickets) [/Monitoreo Activación Continua /Job Control M]                                                                                                                                                                                                                  [/Monitoreo Activación Continua/Job Control M]                                                                                                                                                                                                                   582
1b) Antes y despues (Tickets) [/SAP/Transportes /Código Cruzado]                                                                                                                                                                                                                               [/SAP/Transportes/Código Cruzado]                                                                                                                                                                                                                                80
1b) Antes y despues (Tickets) [/Monitoreo Activación Continua /Comunicaciones/Servidor de Tienda no conectado]                                                                                                                                                                                 [/Monitoreo Activación Continua/Comunicaciones/Servidor de Tienda no conectado]                                                                                                                                                                                  68
1b) Antes y despues (Tickets) [/Monitoreo Activación Continua /Jobs Criticos]                                                                                                                                                                                                                  [/Monitoreo Activación Continua/Jobs Criticos]                                                                                                                                                                                                                   10
1b) Antes y despues (Tickets) [/Monitoreo Activación Continua /Job SQL/Administración Base de datos]                                                                                                                                                                                           [/Monitoreo Activación Continua/Job SQL/Administración Base de datos]                                                                                                                                                                                            7
1b) Antes y despues (Tickets) [/Monitoreo Activación Continua /SAP PO/Falla SAP PO]                                                                                                                                                                                                            [/Monitoreo Activación Continua/SAP PO/Falla SAP PO]                                                                                                                                                                                                             6
1b) Antes y despues (Tickets) [/Monitoreo Activación Continua /Portales Críticos]                                                                                                                                                                                                              [/Monitoreo Activación Continua/Portales Críticos]                                                                                                                                                                                                               4
1b) Antes y despues (Tickets) [/Monitoreo Activación Continua /Storage/Falla de Almacenamiento Unidad C]                                                                                                                                                                                       [/Monitoreo Activación Continua/Storage/Falla de Almacenamiento Unidad C]                                                                                                                                                                                        4
1b) Antes y despues (Tickets) [/Monitoreo Activación Continua /Alejandria/Falla Jobs]                                                                                                                                                                                                          [/Monitoreo Activación Continua/Alejandria/Falla Jobs]                                                                                                                                                                                                           4
1b) Antes y despues (Tickets) [/Monitoreo Activación Continua /Memoria/Memoria >= 80%, Warning]                                                                                                                                                                                                [/Monitoreo Activación Continua/Memoria/Memoria >= 80%, Warning]                                                                                                                                                                                                 4
1b) Antes y despues (Tickets) [/Monitoreo Activación Continua /Storage/Espacio en Disco  >= 90%]                                                                                                                                                                                               [/Monitoreo Activación Continua/Storage/Espacio en Disco  >= 90%]                                                                                                                                                                                                3
1b) Antes y despues (Tickets) [/Monitoreo Activación Continua /Servicio/SQL Agent Down]                                                                                                                                                                                                        [/Monitoreo Activación Continua/Servicio/SQL Agent Down]                                                                                                                                                                                                         2
1b) Antes y despues (Tickets) [/Monitoreo Activación Continua /Memoria/Memoria >= 90%]                                                                                                                                                                                                         [/Monitoreo Activación Continua/Memoria/Memoria >= 90%]                                                                                                                                                                                                          2
1b) Antes y despues (Tickets) [/Monitoreo Activación Continua /Falla Monitor/Alejandria]                                                                                                                                                                                                       [/Monitoreo Activación Continua/Falla Monitor/Alejandria]                                                                                                                                                                                                        2
1b) Antes y despues (Tickets) [/Monitoreo Activación Continua /Job SAP]                                                                                                                                                                                                                        [/Monitoreo Activación Continua/Job SAP]                                                                                                                                                                                                                         2
1b) Antes y despues (Tickets) [/Monitoreo Activación Continua /Storage/Falla de Almacenamiento Unidad D]                                                                                                                                                                                       [/Monitoreo Activación Continua/Storage/Falla de Almacenamiento Unidad D]                                                                                                                                                                                        1

Mens. 208, Nivel 16, Estado 1, Línea 248
Invalid object name 'dbo.CategoriaServiceOwner'.
@Aplicar = 0: no se escribio nada. Revisa los bloques 1 y 2; si el 2 salio vacio, pon 1 y vuelve a correr.
Bloque                   CategoriasAfectadas TicketsContadosDeMas
------------------------ ------------------- --------------------
4a) Deben quedar en cero 4                   63

Bloque         Origen              Tickets
-------------- ------------------- --------------------
4b) Referencia vw_Tickets          13283
4b) Referencia vw_TicketsSlotsBase 13283
4b) Referencia vw_TBSlotCAT (suma) 13283

Hora de finalizacion: 2026-09-14T23:02:14.0989596Z

Hora de finalización: 2026-09-14T17:02:14.1025424-06:00
