FechaInicio FechaFin   TicketsResueltos     TicketsCreados       TicketsSlaEvaluable TicketsSlaVencidos TicketsDentroSla TicketsReabiertos ReabiertosPct                           CumplimientoSlaPct                      GruposActivos TecnicosActivos TicketsAutomatizados HorasResolucionPromedio                 HorasResolucionMediana                  HorasResolucionP90                      MinutosPrimeraRespuestaMediana          MinutosPrimeraRespuestaP90              TicketsRechazados    HorasCicloPromedio                      ReasignacionesPromedio                  TicketsAltaPrioridad
----------- ---------- -------------------- -------------------- ------------------- ------------------ ---------------- ----------------- --------------------------------------- --------------------------------------- ------------- --------------- -------------------- --------------------------------------- --------------------------------------- --------------------------------------- --------------------------------------- --------------------------------------- -------------------- --------------------------------------- --------------------------------------- --------------------
2026-09-01  2026-09-22 9164                 9305                 8767                2774               5993             888               9.69                                    68.36                                   49            98              598                  181.34                                  44.29                                   459.76                                  273.00                                  6234.70                                 264                  236.02                                  1.87                                    4038
Warning: Null value is eliminated by an aggregate or other SET operation.


Hora de finalización: 2026-09-22T11:40:53.5556844-06:00
