C1                                                                                                                                                                                                                                                              N2_en_catalogo PO_distintos SO_distintos Dir_distintos
--------------------------------------------------------------------------------------------------------------------------------------------------------------------------------------------------------------------------------------------------------------- -------------- ------------ ------------ -------------
S-Mesa de Servicios al Personal                                                                                                                                                                                                                                 34             1            1            1
Soria                                                                                                                                                                                                                                                           28             1            1            1
S-Logistica                                                                                                                                                                                                                                                     22             1            1            1
S-Workflow Importaciones                                                                                                                                                                                                                                        17             1            1            1
Monitoreo Activación Continua                                                                                                                                                                                                                                   14             1            1            1
S-Aplicativos Punto de Venta                                                                                                                                                                                                                                    14             1            1            1
S-Portal Socios                                                                                                                                                                                                                                                 13             1            1            1
Administracion de servidores                                                                                                                                                                                                                                    12             1            1            1
S-FENIX WMS                                                                                                                                                                                                                                                     9              1            1            1
S-Portal Socios Aclaraciones automaticas                                                                                                                                                                                                                        8              1            1            1
S-Servicios TI                                                                                                                                                                                                                                                  8              3            5            1
Ingresos y Gastos                                                                                                                                                                                                                                               8              2            1            2
Reparación de Equipo                                                                                                                                                                                                                                            8              1            1            1
Portal de Servicios TI (Proactivanet)                                                                                                                                                                                                                           7              1            1            1
Vales y Subproductos                                                                                                                                                                                                                                            7              1            1            1
S-Portal de Servicios TI (Proactivanet)                                                                                                                                                                                                                         7              1            1            1
Usuarios de Red                                                                                                                                                                                                                                                 6              1            1            1
S-Verificador de precios                                                                                                                                                                                                                                        6              1            2            1
S-Precios y Promociones                                                                                                                                                                                                                                         6              1            1            1
S-Comunicaciones                                                                                                                                                                                                                                                6              1            1            1
Warning: Null value is eliminated by an aggregate or other SET operation.

(20 filas afectadas)


Hora de finalización: 2026-09-29T21:56:08.2479738-06:00
