Objeto
----------------------------------------------------------------------------------------------------------------------------------------------------------------------------------------------------------------------------------------------------------------
dbo.usp_AgenteCandidatos
dbo.usp_CargarCatCausaRaizAgrupador
dbo.usp_CargarCatCedis
dbo.usp_CargarCategoriasDesdeStaging
dbo.usp_CargarCatGruposValidos
dbo.usp_CargarCatLiderGrupo
dbo.usp_CargarExperiencia
dbo.usp_CargarTicketsDesdeStaging
dbo.usp_CorreoBacklog_Backfill
dbo.usp_CorreoBacklog_FinalizarEjecucion
dbo.usp_CorreoQARE_CausaRaiz
dbo.usp_CorreoQARE_ConfirmacionVsQA
dbo.usp_CorreoQARE_Detalle
dbo.usp_CorreoQARE_Frecuencia
dbo.usp_CorreoQARE_KB
dbo.usp_CorreoQARE_KPIs
dbo.usp_CorreoQARE_OportunidadesKB
dbo.usp_CorreoQARE_RecurrentesAplicacion
dbo.usp_CorreoQARE_RecurrentesCategoria
dbo.usp_CorreoQARE_TipoSolucion
dbo.usp_Dash_SlaLiderGrupo
dbo.usp_TicketIds_Registrar
dbo.vw_Cerrados_15Dias
dbo.vw_Creados_15Dias
dbo.vw_QA_15Dias
dbo.vw_Tickets_Data

(26 filas afectadas)


Hora de finalización: 2026-09-25T11:25:36.0624605-06:00
