Ventana del tablero: 2026-09-10 a 2026-09-24
Bloque                 Objeto                                                                                                                                                                                                                                                           Tipo                                                         ModificadoMexico        CreadoMexico
---------------------- ---------------------------------------------------------------------------------------------------------------------------------------------------------------------------------------------------------------------------------------------------------------- ------------------------------------------------------------ ----------------------- -----------------------
1) Ultima modificacion dbo.vw_CorreoQA_Base                                                                                                                                                                                                                                             VIEW                                                         2026-09-25 18:18:19.897 2026-08-11 09:45:04.837
1) Ultima modificacion dbo.vw_AlertaQA_Base                                                                                                                                                                                                                                             VIEW                                                         2026-09-25 18:18:19.890 2026-09-15 18:06:27.617
1) Ultima modificacion dbo.usp_CorreoQA_GruposValidos                                                                                                                                                                                                                                   SQL_STORED_PROCEDURE                                         2026-09-25 18:18:19.450 2026-08-11 09:45:04.890
1) Ultima modificacion dbo.usp_CorreoQA_CatalogoCategorias                                                                                                                                                                                                                              SQL_STORED_PROCEDURE                                         2026-09-25 18:18:19.447 2026-08-11 09:45:04.880
1) Ultima modificacion dbo.usp_CorreoQA_Detalle                                                                                                                                                                                                                                         SQL_STORED_PROCEDURE                                         2026-09-25 18:18:19.440 2026-08-11 09:45:04.877
1) Ultima modificacion dbo.usp_CorreoQA_TendenciaPorTecnico                                                                                                                                                                                                                             SQL_STORED_PROCEDURE                                         2026-09-25 18:18:19.433 2026-08-11 09:45:04.870
1) Ultima modificacion dbo.usp_CorreoQA_TendenciaPorGrupo                                                                                                                                                                                                                               SQL_STORED_PROCEDURE                                         2026-09-25 18:18:19.427 2026-08-11 09:45:04.867
1) Ultima modificacion dbo.usp_CorreoQA_TopCategorias                                                                                                                                                                                                                                   SQL_STORED_PROCEDURE                                         2026-09-25 18:18:19.420 2026-08-11 09:45:04.860
1) Ultima modificacion dbo.usp_CorreoQA_PorTecnico                                                                                                                                                                                                                                      SQL_STORED_PROCEDURE                                         2026-09-25 18:18:19.417 2026-08-11 09:45:04.853
1) Ultima modificacion dbo.usp_CorreoQA_PorGrupo                                                                                                                                                                                                                                        SQL_STORED_PROCEDURE                                         2026-09-25 18:18:19.410 2026-08-11 09:45:04.850
1) Ultima modificacion dbo.usp_CorreoQA_Kpis                                                                                                                                                                                                                                            SQL_STORED_PROCEDURE                                         2026-09-25 18:18:19.403 2026-08-11 09:45:04.843
1) Ultima modificacion dbo.vw_CorreoQA_CategoriaUnica                                                                                                                                                                                                                                   VIEW                                                         2026-09-25 18:18:19.380 2026-08-11 09:45:04.830
1) Ultima modificacion dbo.usp_AlertaQA_MarcarAvisado                                                                                                                                                                                                                                   SQL_STORED_PROCEDURE                                         2026-09-25 17:23:18.253 2026-09-15 18:06:27.640
1) Ultima modificacion dbo.usp_AlertaQA_Pendientes                                                                                                                                                                                                                                      SQL_STORED_PROCEDURE                                         2026-09-25 17:23:18.247 2026-09-15 18:06:27.627
1) Ultima modificacion dbo.vw_GruposValidos                                                                                                                                                                                                                                             VIEW                                                         2026-09-25 11:24:32.407 2026-08-10 05:35:02.037

Bloque              Version                                                         Huella       FiltrosNotLike       LeeDe       SinGrupoEsSinCatalogo Largo
------------------- --------------------------------------------------------------- ------------ -------------------- ----------- --------------------- --------------------
1b) La vista de hoy 05 actual (vw_Tickets; sin grupo en el catalogo = Sin catalogo) B1B0343DF284 6                    vw_Tickets  si                    5009

Bloque                    Rutas                LoHeredan   SinGrupo    CalculadaMexico             UltimaCargaCatalogoMexico   AlDia
------------------------- -------------------- ----------- ----------- --------------------------- --------------------------- -----------------------------------------------
1c) La herencia de grupos 6340                 825         1487        2026-09-25 18:27:52         2026-09-25 18:22:31         si

Bloque                       Objeto                               Debe                            Tiene
---------------------------- ------------------------------------ ------------------------------- -------------
1d) Lo que no se debe perder dbo.usp_CorreoQA_Detalle             OPTION (RECOMPILE)              si
1d) Lo que no se debe perder dbo.usp_CargarCategoriasDesdeStaging recalcular la herencia al final si

2) No se pudo leer la traza por omision: You do not have permission to run 'SYS.TRACES'.
Bloque                   Filas                Incorrectos PctIncorrectos                          Milisegundos TopDelTablero
------------------------ -------------------- ----------- --------------------------------------- ------------ -------------
3) Lectura de la ventana 3943                 160         4.06                                    1640         50000

Bloque                       Categoria                                                                                                                                                                                                                                                        Tickets              Incorrectos PctDelTotal
---------------------------- ---------------------------------------------------------------------------------------------------------------------------------------------------------------------------------------------------------------------------------------------------------------- -------------------- ----------- ---------------------------------------
4) Mas tickets en la ventana /S-Caja General/Aplicación Caja General                                                                                                                                                                                                                          516                  18          13.1
4) Mas tickets en la ventana /S-Biométrico/Falla en sistema de biométrico                                                                                                                                                                                                                     290                  0           7.4
4) Mas tickets en la ventana /S-Gestión de Inventarios y Recibo de mercancia/App Evolucion                                                                                                                                                                                                    230                  20          5.8
4) Mas tickets en la ventana /S-Ampliacion Punto de Venta/Aplicativo                                                                                                                                                                                                                          195                  5           4.9
4) Mas tickets en la ventana /S-Equipo de Computo/Hardware                                                                                                                                                                                                                                    173                  8           4.4
4) Mas tickets en la ventana /S-Basculas/Aplicativo                                                                                                                                                                                                                                           162                  9           4.1
4) Mas tickets en la ventana /S-Caja General/Aplicacion Backoffice POS                                                                                                                                                                                                                        161                  5           4.1
4) Mas tickets en la ventana /S-Acceso Aplicaciones - Permisos/Usuario de red                                                                                                                                                                                                                 141                  11          3.6
4) Mas tickets en la ventana /S-Acceso Aplicaciones - Permisos/SAP                                                                                                                                                                                                                            116                  3           2.9
4) Mas tickets en la ventana /S-Logistica/FENIX WMS - RECIBO PROVEEDORES                                                                                                                                                                                                                      114                  1           2.9
4) Mas tickets en la ventana /S-Mesa de Control/Aplicación                                                                                                                                                                                                                                    90                   13          2.3
4) Mas tickets en la ventana /S-Equipo de Computo/Aplicativo                                                                                                                                                                                                                                  77                   9           2.0
4) Mas tickets en la ventana /S-Biométrico/Solicitud de servicio                                                                                                                                                                                                                              72                   0           1.8
4) Mas tickets en la ventana /S-Comunicaciones/Error de comunicación                                                                                                                                                                                                                          66                   9           1.7
4) Mas tickets en la ventana /S-Autocobro/Falla en periféricos                                                                                                                                                                                                                                65                   0           1.6

Bloque                        SemanaDel  PuntoDeVentaAplicativo DeEsasAmpliaciones AmpliacionPuntoDeVenta AplicativosPuntoDeVenta TodosLosTickets
----------------------------- ---------- ---------------------- ------------------ ---------------------- ----------------------- --------------------
5) Por semana, en dbo.Tickets 2026-07-13 131                    17                 0                      0                       2966
5) Por semana, en dbo.Tickets 2026-07-20 368                    52                 0                      0                       9777
5) Por semana, en dbo.Tickets 2026-07-27 517                    61                 4                      0                       6943
5) Por semana, en dbo.Tickets 2026-08-03 385                    66                 17                     0                       6107
5) Por semana, en dbo.Tickets 2026-08-10 583                    73                 36                     0                       7836
5) Por semana, en dbo.Tickets 2026-08-17 468                    51                 28                     0                       6540
5) Por semana, en dbo.Tickets 2026-08-24 386                    61                 37                     1                       6101
5) Por semana, en dbo.Tickets 2026-08-31 316                    53                 43                     1                       6002
5) Por semana, en dbo.Tickets 2026-09-07 181                    22                 295                    7                       5923
5) Por semana, en dbo.Tickets 2026-09-14 0                      0                  142                    195                     5367
5) Por semana, en dbo.Tickets 2026-09-21 0                      0                  28                     201                     4789

Bloque                        Regla                                                        Tickets     Incorrectos TotalDeLaVentana
----------------------------- ------------------------------------------------------------ ----------- ----------- --------------------
6) Lo que quitaria cada regla Ampliaciones de importe de cualquier arbol de Punto de Venta 2           0           3943
6) Lo que quitaria cada regla Todo S-Ampliacion Punto de Venta                             213         5           3943
6) Lo que quitaria cada regla Todo S-Aplicativos Punto de Venta                            209         3           3943

Bloque                                     Categoria                                                                                                                                                                                                                                                        Tickets              Incorrectos
------------------------------------------ ---------------------------------------------------------------------------------------------------------------------------------------------------------------------------------------------------------------------------------------------------------------- -------------------- -----------
6b) Dentro de S-Aplicativos Punto de Venta /S-Aplicativos Punto de Venta/Linea de cajas/Escalamiento Nivel 2                                                                                                                                                                                                31                   0
6b) Dentro de S-Aplicativos Punto de Venta /S-Aplicativos Punto de Venta/Alta de Cajero/Modo autónomo                                                                                                                                                                                                       20                   1
6b) Dentro de S-Aplicativos Punto de Venta /S-Aplicativos Punto de Venta/Modo autónomo/Capture registro de modo autónomo                                                                                                                                                                                    18                   0
6b) Dentro de S-Aplicativos Punto de Venta /S-Aplicativos Punto de Venta/Versión incorrecta/Caja con versión incorrecta                                                                                                                                                                                     13                   0
6b) Dentro de S-Aplicativos Punto de Venta /S-Aplicativos Punto de Venta/Alta de Cajero/Incidencia con tarjeta bonomatic o pin incorrecto                                                                                                                                                                   12                   0
6b) Dentro de S-Aplicativos Punto de Venta /S-Aplicativos Punto de Venta/Registro de Mercancía/Lentitud al marcar la mercancía                                                                                                                                                                              12                   0
6b) Dentro de S-Aplicativos Punto de Venta /S-Aplicativos Punto de Venta/Aprecio - Soriana Ya -  Omonel -  Falabella -  numero Telefónico/Lentitud al identificar el cliente                                                                                                                                9                    0
6b) Dentro de S-Aplicativos Punto de Venta /S-Aplicativos Punto de Venta/Pago Servicios/Servicio Invalido - No existe Servicio                                                                                                                                                                              9                    0
6b) Dentro de S-Aplicativos Punto de Venta /S-Aplicativos Punto de Venta/Alta de Cajero/Modo entrenamiento                                                                                                                                                                                                  8                    0
6b) Dentro de S-Aplicativos Punto de Venta /S-Aplicativos Punto de Venta/Pago con tarjeta crédito y Debito/No hay conexión con el servidor                                                                                                                                                                  8                    0
6b) Dentro de S-Aplicativos Punto de Venta /S-Aplicativos Punto de Venta/Programa de lealtad/No se acumularon los puntos                                                                                                                                                                                    7                    1
6b) Dentro de S-Aplicativos Punto de Venta /S-Aplicativos Punto de Venta/Abono Tarjeta Crédito/Fuera de Linea - Error al cobrar - No existe emisor                                                                                                                                                          6                    0
6b) Dentro de S-Aplicativos Punto de Venta /S-Aplicativos Punto de Venta/Abono Tarjeta Regalo/Fuera de Linea - Error al cobrar                                                                                                                                                                              6                    0
6b) Dentro de S-Aplicativos Punto de Venta /S-Aplicativos Punto de Venta/Pago con tarjeta crédito y Debito/Retención de saldo                                                                                                                                                                               6                    0
6b) Dentro de S-Aplicativos Punto de Venta /S-Aplicativos Punto de Venta/Registro - Nota de crédito/No existe                                                                                                                                                                                               6                    0

Bloque                                    Categoria                                                                                                                                                                                                                                                        Tickets              Incorrectos
----------------------------------------- ---------------------------------------------------------------------------------------------------------------------------------------------------------------------------------------------------------------------------------------------------------------- -------------------- -----------
6c) Dentro de S-Ampliacion Punto de Venta /S-Ampliacion Punto de Venta/Aplicativo/Linea de cajas/Escalamiento Nivel 2                                                                                                                                                                                      46                   0
6c) Dentro de S-Ampliacion Punto de Venta /S-Ampliacion Punto de Venta/Aplicativo/Caja con error al realizar el cobro en el Punto de venta                                                                                                                                                                 43                   2
6c) Dentro de S-Ampliacion Punto de Venta /S-Ampliacion Punto de Venta/Aplicativo/Error con códigos de artículos                                                                                                                                                                                           25                   0
6c) Dentro de S-Ampliacion Punto de Venta /S-Ampliacion Punto de Venta/Aplicativo/Lentitud para alta de cajero                                                                                                                                                                                             21                   0
6c) Dentro de S-Ampliacion Punto de Venta /S-Ampliacion Punto de Venta/Aplicativo/Modo Autónomo o Pantalla Rosa                                                                                                                                                                                            12                   0
6c) Dentro de S-Ampliacion Punto de Venta /S-Ampliacion Punto de Venta/Aplicativo/Caja con Versión de PV desactualizada                                                                                                                                                                                    10                   0
6c) Dentro de S-Ampliacion Punto de Venta /S-Ampliacion Punto de Venta/Aplicativo/Incidentes con Tarjetas Bonomatic o Vales                                                                                                                                                                                10                   1
6c) Dentro de S-Ampliacion Punto de Venta /S-Ampliacion Punto de Venta/Aplicativo/No aplica Programa de Lealtad                                                                                                                                                                                            8                    1
6c) Dentro de S-Ampliacion Punto de Venta /S-Ampliacion Punto de Venta/Hardware/Falla Scanner Báscula                                                                                                                                                                                                      8                    0
6c) Dentro de S-Ampliacion Punto de Venta /S-Ampliacion Punto de Venta/Aplicativo/Incidentes de pago con Tarjeta bancaria Crédito o Debito                                                                                                                                                                 6                    1

Bloque                                                        GrupoQuePideElCatalogo                                                                                                                                                                                                                                          GrupoDelTicket                                                                                                                                                                                                                                                  Tickets              DeAplicativosPuntoDeVenta
------------------------------------------------------------- --------------------------------------------------------------------------------------------------------------------------------------------------------------------------------------------------------------------------------------------------------------- --------------------------------------------------------------------------------------------------------------------------------------------------------------------------------------------------------------------------------------------------------------- -------------------- -------------------------
7) Incorrectos: grupo que pide el catalogo y grupo del ticket Service Desk                                                                                                                                                                                                                                                    Soporte Especializado en Aplicativos Inetum                                                                                                                                                                                                                     23                   2
7) Incorrectos: grupo que pide el catalogo y grupo del ticket Soporte App Evolución Soriana Inetum                                                                                                                                                                                                                            Soporte N3 WMS                                                                                                                                                                                                                                                  20                   0
7) Incorrectos: grupo que pide el catalogo y grupo del ticket End User                                                                                                                                                                                                                                                        Soporte Especializado en Aplicativos Inetum                                                                                                                                                                                                                     9                    0
7) Incorrectos: grupo que pide el catalogo y grupo del ticket Soporte Especializado en Aplicativos Inetum                                                                                                                                                                                                                     Service Desk                                                                                                                                                                                                                                                    8                    0
7) Incorrectos: grupo que pide el catalogo y grupo del ticket Soporte Especializado en Aplicativos Inetum                                                                                                                                                                                                                     End User                                                                                                                                                                                                                                                        7                    0
7) Incorrectos: grupo que pide el catalogo y grupo del ticket Seguridad Informática                                                                                                                                                                                                                                           Service Desk                                                                                                                                                                                                                                                    7                    0
7) Incorrectos: grupo que pide el catalogo y grupo del ticket Control Tower                                                                                                                                                                                                                                                   Soporte OAT                                                                                                                                                                                                                                                     6                    0
7) Incorrectos: grupo que pide el catalogo y grupo del ticket Seguridad Informática                                                                                                                                                                                                                                           Soporte OAT                                                                                                                                                                                                                                                     6                    0
7) Incorrectos: grupo que pide el catalogo y grupo del ticket Soporte RETO                                                                                                                                                                                                                                                    Laboratorio de Sistemas                                                                                                                                                                                                                                         5                    0
7) Incorrectos: grupo que pide el catalogo y grupo del ticket Soporte RETO                                                                                                                                                                                                                                                    Service Desk                                                                                                                                                                                                                                                    5                    0
7) Incorrectos: grupo que pide el catalogo y grupo del ticket Soporte RETO                                                                                                                                                                                                                                                    End User                                                                                                                                                                                                                                                        3                    0
7) Incorrectos: grupo que pide el catalogo y grupo del ticket Soporte Campo                                                                                                                                                                                                                                                   End User                                                                                                                                                                                                                                                        3                    0
7) Incorrectos: grupo que pide el catalogo y grupo del ticket Soporte OAT                                                                                                                                                                                                                                                     Control Tower                                                                                                                                                                                                                                                   3                    0
7) Incorrectos: grupo que pide el catalogo y grupo del ticket Soporte Especializado en Aplicativos Inetum                                                                                                                                                                                                                     Soporte AMS Inetum                                                                                                                                                                                                                                              3                    0
7) Incorrectos: grupo que pide el catalogo y grupo del ticket End User                                                                                                                                                                                                                                                        Soporte Basculas                                                                                                                                                                                                                                                3                    0

Bloque                          CorreoDel  Desde      Tickets              Incorrectos PctIncorrectos                          IncorrectosDeAplicativosPV
------------------------------- ---------- ---------- -------------------- ----------- --------------------------------------- --------------------------
8) Lo que habria dado el correo 2026-09-22 2026-09-07 5103                 234         4.59                                    3
8) Lo que habria dado el correo 2026-09-23 2026-09-08 4737                 220         4.64                                    3
8) Lo que habria dado el correo 2026-09-24 2026-09-09 4355                 188         4.32                                    3
8) Lo que habria dado el correo 2026-09-25 2026-09-10 3954                 160         4.05                                    3

Bloque                           Arbol                                GrupoQuePide                                                                                         Rutas                Vigentes    PrimeraAltaMexico           UltimaAltaMexico            UltimaCargaMexico
-------------------------------- ------------------------------------ ---------------------------------------------------------------------------------------------------- -------------------- ----------- --------------------------- --------------------------- ---------------------------
9) En el catalogo dbo.Categorias S-Ampliacion Punto de Venta          Service Desk                                                                                         26                   26          2026-08-07 14:32:43         2026-08-07 14:32:43         2026-09-21 14:00:47
9) En el catalogo dbo.Categorias S-Ampliacion Punto de Venta          Soporte Especializado en Aplicativos Inetum                                                          7                    7           2026-08-07 14:32:43         2026-08-07 14:32:43         2026-09-17 13:00:51
9) En el catalogo dbo.Categorias S-Ampliacion Punto de Venta          Soporte Campo                                                                                        6                    6           2026-08-07 14:32:43         2026-08-07 14:32:43         2026-09-15 08:35:54
9) En el catalogo dbo.Categorias S-Ampliacion Punto de Venta          (vacio)                                                                                              3                    3           2026-08-07 14:32:43         2026-08-07 14:32:43         2026-09-15 08:35:54
9) En el catalogo dbo.Categorias S-Ampliacion Punto de Venta          End User                                                                                             2                    2           2026-08-07 14:32:43         2026-08-07 14:32:43         2026-09-15 08:35:54
9) En el catalogo dbo.Categorias S-Aplicativos Punto de Venta (nuevo) (vacio)                                                                                              105                  105         2026-08-31 08:26:18         2026-09-03 08:35:38         2026-09-21 14:00:47
9) En el catalogo dbo.Categorias S-Aplicativos Punto de Venta (nuevo) Service Desk                                                                                         5                    5           2026-08-31 08:26:18         2026-08-31 08:26:18         2026-09-25 18:00:57
9) En el catalogo dbo.Categorias S-Aplicativos Punto de Venta (nuevo) Soporte Especializado en Aplicativos Inetum                                                          5                    5           2026-09-14 08:44:22         2026-09-17 12:00:52         2026-09-17 13:00:51

Bloque                               Hoy          ConHerencia  Tickets
------------------------------------ ------------ ------------ --------------------
10) Ventana: hoy contra con herencia Incorrecto   Incorrecto   160
10) Ventana: hoy contra con herencia OK           OK           3527
10) Ventana: hoy contra con herencia Sin catalogo Sin catalogo 39
10) Ventana: hoy contra con herencia Valido       Valido       217

Bloque                     Tickets              IncorrectosHoy PctHoy                                  IncorrectosConHerencia PctConHerencia
-------------------------- -------------------- -------------- --------------------------------------- ---------------------- ---------------------------------------
10b) Totales de la ventana 3943                 160            4.06                                    160                    4.06

Bloque                      Categoria                                                                                                                                                                                                                                                        HeredaDe                                                                                                                                                                                                                                                         GrupoHeredado                                                                                        Tickets              OK          Valido      Incorrecto
--------------------------- ---------------------------------------------------------------------------------------------------------------------------------------------------------------------------------------------------------------------------------------------------------------- ---------------------------------------------------------------------------------------------------------------------------------------------------------------------------------------------------------------------------------------------------------------- ---------------------------------------------------------------------------------------------------- -------------------- ----------- ----------- -----------

Bloque                                    PrimerNivel                                                                                                                                                                                                                                                      Rutas                SinGrupoPropio LoHeredan   NiPropioNiHeredado
----------------------------------------- ---------------------------------------------------------------------------------------------------------------------------------------------------------------------------------------------------------------------------------------------------------------- -------------------- -------------- ----------- ------------------
10d) Catalogo sin grupo, por primer nivel /Servicios al personal                                                                                                                                                                                                                                           619                  387            137         250
10d) Catalogo sin grupo, por primer nivel /Servicios Generales                                                                                                                                                                                                                                             445                  275            48          227
10d) Catalogo sin grupo, por primer nivel /Servicios Financieros                                                                                                                                                                                                                                           232                  192            9           183
10d) Catalogo sin grupo, por primer nivel /Servicios Administrativos                                                                                                                                                                                                                                       304                  171            0           171
10d) Catalogo sin grupo, por primer nivel /S-Comercio Electrónico                                                                                                                                                                                                                                          185                  130            130         0
10d) Catalogo sin grupo, por primer nivel /Ventas Digitales                                                                                                                                                                                                                                                201                  111            0           111
10d) Catalogo sin grupo, por primer nivel /Datos Maestros                                                                                                                                                                                                                                                  152                  108            102         6
10d) Catalogo sin grupo, por primer nivel /S-Aplicativos Punto de Venta                                                                                                                                                                                                                                    115                  105            105         0
10d) Catalogo sin grupo, por primer nivel /S-Aplicativo Punto de Venta                                                                                                                                                                                                                                     122                  103            4           99
10d) Catalogo sin grupo, por primer nivel /Equipo de computo                                                                                                                                                                                                                                               161                  70             34          36
10d) Catalogo sin grupo, por primer nivel /Soria                                                                                                                                                                                                                                                           97                   70             34          36
10d) Catalogo sin grupo, por primer nivel /S-Logistica                                                                                                                                                                                                                                                     160                  68             68          0
10d) Catalogo sin grupo, por primer nivel /Servicios Técnicos                                                                                                                                                                                                                                              270                  50             0           50
10d) Catalogo sin grupo, por primer nivel /Recursos humanos                                                                                                                                                                                                                                                68                   34             24          10
10d) Catalogo sin grupo, por primer nivel /Línea de Cajas                                                                                                                                                                                                                                                  41                   31             0           31
10d) Catalogo sin grupo, por primer nivel /Portal de Socios                                                                                                                                                                                                                                                52                   29             3           26
10d) Catalogo sin grupo, por primer nivel /S-Datos-Maestros                                                                                                                                                                                                                                                185                  25             0           25
10d) Catalogo sin grupo, por primer nivel /Homologación                                                                                                                                                                                                                                                    23                   23             0           23
10d) Catalogo sin grupo, por primer nivel /Horarios Produccion Linea de Cajas                                                                                                                                                                                                                              20                   19             19          0
10d) Catalogo sin grupo, por primer nivel /Soporte OAT                                                                                                                                                                                                                                                     20                   18             16          2

Fin: 2026-09-26T00:45:47.2117640Z

Hora de finalización: 2026-09-25T18:45:47.2276990-06:00
