Bloque     Resueltos            Evaluables  Dentro      Vencidos    Cumplimiento
---------- -------------------- ----------- ----------- ----------- ---------------------------------------
1) Control 9164                 8767        5993        2774        68.36

Bloque     Mes     Resueltos            Evaluables  Dentro      Cumplimiento                            PromedioHoras
---------- ------- -------------------- ----------- ----------- --------------------------------------- ---------------------------------------
2) Por mes 2025-12 15535                15535       14175       91.25                                   32.90
2) Por mes 2026-01 15885                15882       13487       84.92                                   78.60
2) Por mes 2026-02 14078                14072       12158       86.40                                   79.41
2) Por mes 2026-03 15590                15576       13411       86.10                                   100.34
2) Por mes 2026-04 16416                16400       14328       87.37                                   111.76
2) Por mes 2026-05 14082                14059       11880       84.50                                   148.25
2) Por mes 2026-06 14235                14220       11508       80.93                                   161.26
2) Por mes 2026-07 14473                14284       11680       81.77                                   215.38
2) Por mes 2026-08 13467                13167       9688        73.58                                   156.65
2) Por mes 2026-09 9164                 8767        5993        68.36                                   181.34

Bloque           Prioridad                                                                                            Resueltos            Evaluables  Vencidos    Cumplimiento
---------------- ---------------------------------------------------------------------------------------------------- -------------------- ----------- ----------- ---------------------------------------
3) Por prioridad Media                                                                                                3331                 3170        871         72.52
3) Por prioridad Alta                                                                                                 2587                 2586        989         61.76
3) Por prioridad Baja                                                                                                 1795                 1631        344         78.91
3) Por prioridad Crítica                                                                                              1451                 1380        570         58.70

Bloque                   Prioridad                                                                                            Tickets              HorasCompromisoMin                      HorasCompromisoMed                      HorasCompromisoMax                      NacenVencidos
------------------------ ---------------------------------------------------------------------------------------------------- -------------------- --------------------------------------- --------------------------------------- --------------------------------------- -------------
4) Ventana de compromiso Media                                                                                                3170                 4.0                                     169.1                                   3675.6                                  0
4) Ventana de compromiso Alta                                                                                                 2586                 2.0                                     34.2                                    1806.5                                  0
4) Ventana de compromiso Baja                                                                                                 1631                 8.0                                     509.6                                   4752.1                                  0
4) Ventana de compromiso Crítica                                                                                              1380                 1.0                                     103.0                                   2969.8                                  0

Bloque               SLA                                                                                                                                                                                                      Resueltos            Evaluables  Vencidos    HorasCompromisoMed                      Cumplimiento
-------------------- -------------------------------------------------------------------------------------------------------------------------------------------------------------------------------------------------------- -------------------- ----------- ----------- --------------------------------------- ---------------------------------------
4b) Por SLA aplicado SLA_Prioridad_Alto                                                                                                                                                                                       2803                 2803        1493        31.8                                    46.74
4b) Por SLA aplicado SLA_Prioridad_Critico                                                                                                                                                                                    1161                 1161        470         36.7                                    59.52
4b) Por SLA aplicado SLA_Prioridad_Bajo                                                                                                                                                                                       1697                 1697        323         445.1                                   80.97
4b) Por SLA aplicado SLA_Prioridad_Medio                                                                                                                                                                                      1763                 1763        205         218.4                                   88.37
4b) Por SLA aplicado SLA_EndUser_Critico                                                                                                                                                                                      301                  301         118         334.5                                   60.80
4b) Por SLA aplicado SLA12                                                                                                                                                                                                    148                  148         60          42.6                                    59.46
4b) Por SLA aplicado SLA02                                                                                                                                                                                                    291                  291         34          43.9                                    88.32
4b) Por SLA aplicado SLA19                                                                                                                                                                                                    39                   39          17          2.0                                     56.41
4b) Por SLA aplicado SLA05                                                                                                                                                                                                    41                   41          14          29.8                                    65.85
4b) Por SLA aplicado SLA09                                                                                                                                                                                                    97                   97          11          176.3                                   88.66
4b) Por SLA aplicado SLA18                                                                                                                                                                                                    8                    8           8           1.0                                     0.00
4b) Por SLA aplicado SLA - 2 meses - Nodos                                                                                                                                                                                    70                   70          7           1280.4                                  90.00
4b) Por SLA aplicado SLA03                                                                                                                                                                                                    139                  139         5           99.4                                    96.40
4b) Por SLA aplicado SLA04                                                                                                                                                                                                    59                   59          5           142.9                                   91.53
4b) Por SLA aplicado SLA_EndUser_Alto                                                                                                                                                                                         60                   60          3           111.1                                   95.00
4b) Por SLA aplicado SLA_EndUser_Bajo                                                                                                                                                                                         13                   13          1           121.5                                   92.31
4b) Por SLA aplicado SLA_EndUser_Medio                                                                                                                                                                                        27                   27          0           73.7                                    100.00
4b) Por SLA aplicado SLA08                                                                                                                                                                                                    15                   15          0           95.8                                    100.00
4b) Por SLA aplicado SLA07                                                                                                                                                                                                    3                    3           0           20.8                                    100.00
4b) Por SLA aplicado SLA_15 dias                                                                                                                                                                                              31                   31          0           2037.2                                  100.00
4b) Por SLA aplicado (sin SLA)                                                                                                                                                                                                397                  0           0           NULL                                    NULL
4b) Por SLA aplicado SLA10                                                                                                                                                                                                    1                    1           0           476.9                                   100.00
Warning: Null value is eliminated by an aggregate or other SET operation.

Bloque       Valor                Tickets
------------ -------------------- --------------------
4c) Caducada (NULL)               9164

Bloque    Origen                 Resueltos            Evaluables  Dentro      Vencidos    Cumplimiento
--------- ---------------------- -------------------- ----------- ----------- ----------- ---------------------------------------
5) Camada a) Nacio en el periodo 7130                 6806        5324        1482        78.23
5) Camada b) Venia de antes      2034                 1961        669         1292        34.12

Bloque             Rango             Resueltos            Evaluables  Cumplimiento
------------------ ----------------- -------------------- ----------- ---------------------------------------
5b) Por antiguedad a) mismo dia      4307                 4089        92.22
5b) Por antiguedad b) 2 a 7 dias     2748                 2629        64.70
5b) Por antiguedad c) 8 a 30 dias    1624                 1587        22.62
5b) Por antiguedad d) 31 a 90 dias   386                  365         36.71
5b) Por antiguedad e) mas de 90 dias 99                   97          28.87

Bloque                   Creados              YaResueltos Evaluables  Dentro      Cumplimiento
------------------------ -------------------- ----------- ----------- ----------- ---------------------------------------
6) Por fecha de creacion 9128                 7130        8710        6137        70.46

Bloque       Grupo                                                                                                                                                                                                                                                           Resueltos            Evaluables  Vencidos    Cumplimiento
------------ --------------------------------------------------------------------------------------------------------------------------------------------------------------------------------------------------------------------------------------------------------------- -------------------- ----------- ----------- ---------------------------------------
7) Por grupo Proveedor RODHE                                                                                                                                                                                                                                                 1329                 1329        1097        17.46
7) Por grupo Proveedor Banamex                                                                                                                                                                                                                                               326                  326         325         0.31
7) Por grupo Soporte Especializado en Aplicativos Inetum                                                                                                                                                                                                                     1533                 1371        317         76.88
7) Por grupo Service Desk                                                                                                                                                                                                                                                    1091                 940         235         75.00
7) Por grupo Fenicia                                                                                                                                                                                                                                                         170                  170         166         2.35
7) Por grupo End User                                                                                                                                                                                                                                                        995                  987         162         83.59
7) Por grupo Autocobro                                                                                                                                                                                                                                                       232                  174         71          59.20
7) Por grupo Vendor Managment                                                                                                                                                                                                                                                143                  143         53          62.94
7) Por grupo Soporte Campo                                                                                                                                                                                                                                                   246                  246         51          79.27
7) Por grupo Soporte N3 WMS                                                                                                                                                                                                                                                  51                   51          48          5.88
7) Por grupo Power BI                                                                                                                                                                                                                                                        163                  163         31          80.98
7) Por grupo Proveedor NCR                                                                                                                                                                                                                                                   97                   93          26          72.04
7) Por grupo Proveedor Berkel                                                                                                                                                                                                                                                24                   24          22          8.33
7) Por grupo Soporte Basculas                                                                                                                                                                                                                                                31                   31          21          32.26
7) Por grupo Proveedor Transnetwork                                                                                                                                                                                                                                          46                   46          21          54.35
7) Por grupo Soporte AMS Inetum                                                                                                                                                                                                                                              141                  141         14          90.07
7) Por grupo Soporte App Evolución Soriana Inetum                                                                                                                                                                                                                            358                  358         13          96.37
7) Por grupo Proveedor Sonda                                                                                                                                                                                                                                                 26                   26          12          53.85
7) Por grupo WMS Nivel 2.5                                                                                                                                                                                                                                                   54                   54          11          79.63
7) Por grupo Control Tower                                                                                                                                                                                                                                                   135                  134         10          92.54

Bloque      Tipo                                                                                                 Resueltos            Evaluables  Cumplimiento
----------- ---------------------------------------------------------------------------------------------------- -------------------- ----------- ---------------------------------------
8) Por tipo Incidencia                                                                                           6739                 6352        61.00
8) Por tipo Petición de Servicio                                                                                 2150                 2143        86.42
8) Por tipo SorIA Peticiones                                                                                     271                  268         98.13
8) Por tipo SorIA Incidentes                                                                                     4                    4           75.00

Bloque         Estado                                                                                               Subestado                                                                                            Resueltos            Cumplimiento
-------------- ---------------------------------------------------------------------------------------------------- ---------------------------------------------------------------------------------------------------- -------------------- ---------------------------------------
8b) Por estado Cerrada                                                                                              (sin subestado)                                                                                      7939                 68.84
8b) Por estado Resuelta                                                                                             En Vo.Bo. por Usuario Final                                                                          1225                 65.15

Bloque                  Grupo                                                                                                                                                                                                                                                           Tipo                                                                                                 Tickets
----------------------- --------------------------------------------------------------------------------------------------------------------------------------------------------------------------------------------------------------------------------------------------------------- ---------------------------------------------------------------------------------------------------- --------------------
9) Sin fecha compromiso Soporte Especializado en Aplicativos Inetum                                                                                                                                                                                                                     Incidencia                                                                                           162
9) Sin fecha compromiso Service Desk                                                                                                                                                                                                                                                    Incidencia                                                                                           145
9) Sin fecha compromiso Autocobro                                                                                                                                                                                                                                                       Incidencia                                                                                           58
9) Sin fecha compromiso End User                                                                                                                                                                                                                                                        Incidencia                                                                                           8
9) Sin fecha compromiso Service Desk                                                                                                                                                                                                                                                    Petición de Servicio                                                                                 6
9) Sin fecha compromiso Proveedor Ixpan                                                                                                                                                                                                                                                 Incidencia                                                                                           5
9) Sin fecha compromiso Proveedor Toshiba                                                                                                                                                                                                                                               Incidencia                                                                                           4
9) Sin fecha compromiso Proveedor NCR                                                                                                                                                                                                                                                   Incidencia                                                                                           4
9) Sin fecha compromiso Soporte Operaciones                                                                                                                                                                                                                                             SorIA Peticiones                                                                                     2
9) Sin fecha compromiso Control de Accesos TI                                                                                                                                                                                                                                           SorIA Peticiones                                                                                     1
9) Sin fecha compromiso Proveedor Mexba                                                                                                                                                                                                                                                 Petición de Servicio                                                                                 1
9) Sin fecha compromiso Control Tower                                                                                                                                                                                                                                                   Incidencia                                                                                           1

Hora de finalizacion: 2026-09-22T17:10:17.3525563Z

Hora de finalización: 2026-09-22T11:10:17.3668259-06:00
