Bloque   FilasVista           FilasTabla           FilasCaso            TablaCaso
-------- -------------------- -------------------- -------------------- --------------------
1) Antes 780                  780                  1                    1

Bloque             C1                                                                                                                                                                                                                                                              N2EnCatalogo PO_distintos SO_distintos Dir_distintos
------------------ --------------------------------------------------------------------------------------------------------------------------------------------------------------------------------------------------------------------------------------------------------------- ------------ ------------ ------------ -------------
1b) Abanico por C1 S-Mesa de Servicios al Personal                                                                                                                                                                                                                                 34           1            1            1
1b) Abanico por C1 Soria                                                                                                                                                                                                                                                           28           1            1            1
1b) Abanico por C1 S-Logistica                                                                                                                                                                                                                                                     22           1            1            1
1b) Abanico por C1 S-Workflow Importaciones                                                                                                                                                                                                                                        17           1            1            1
1b) Abanico por C1 Monitoreo Activación Continua                                                                                                                                                                                                                                   14           1            1            1
1b) Abanico por C1 S-Aplicativos Punto de Venta                                                                                                                                                                                                                                    14           1            1            1
1b) Abanico por C1 S-Portal Socios                                                                                                                                                                                                                                                 13           1            1            1
1b) Abanico por C1 Administracion de servidores                                                                                                                                                                                                                                    12           1            1            1
1b) Abanico por C1 S-FENIX WMS                                                                                                                                                                                                                                                     9            1            1            1
1b) Abanico por C1 S-Portal Socios Aclaraciones automaticas                                                                                                                                                                                                                        8            1            1            1
1b) Abanico por C1 S-Servicios TI                                                                                                                                                                                                                                                  8            3            5            1
1b) Abanico por C1 Ingresos y Gastos                                                                                                                                                                                                                                               8            2            1            2
1b) Abanico por C1 Reparación de Equipo                                                                                                                                                                                                                                            8            1            1            1
1b) Abanico por C1 Portal de Servicios TI (Proactivanet)                                                                                                                                                                                                                           7            1            1            1
1b) Abanico por C1 Vales y Subproductos                                                                                                                                                                                                                                            7            1            1            1
1b) Abanico por C1 S-Portal de Servicios TI (Proactivanet)                                                                                                                                                                                                                         7            1            1            1
1b) Abanico por C1 Usuarios de Red                                                                                                                                                                                                                                                 6            1            1            1
1b) Abanico por C1 S-Verificador de precios                                                                                                                                                                                                                                        6            1            2            1
1b) Abanico por C1 S-Precios y Promociones                                                                                                                                                                                                                                         6            1            1            1
1b) Abanico por C1 S-Comunicaciones                                                                                                                                                                                                                                                6            1            1            1
Warning: Null value is eliminated by an aggregate or other SET operation.

Bloque                            RutaCompleta                                                                                                                                                                                                                                                     Veces
--------------------------------- ---------------------------------------------------------------------------------------------------------------------------------------------------------------------------------------------------------------------------------------------------------------- -----------
1c) Rutas repetidas en Categorias /S-Aplicativo Punto de Venta/Caja de farmacia                                                                                                                                                                                                                    6
1c) Rutas repetidas en Categorias /S-Aplicativo Punto de Venta/Alta de Cajero                                                                                                                                                                                                                      5
1c) Rutas repetidas en Categorias /S-Aplicativo Punto de Venta/Registro - Orden de internet                                                                                                                                                                                                        5
1c) Rutas repetidas en Categorias /S-Aplicativo Punto de Venta/Apartado de mercancía - Liquidación                                                                                                                                                                                                 4
1c) Rutas repetidas en Categorias /S-Aplicativo Punto de Venta/Disposición de efectivo - Cashback                                                                                                                                                                                                  4
1c) Rutas repetidas en Categorias /S-Aplicativo Punto de Venta/Pago con vales de papel                                                                                                                                                                                                             4
1c) Rutas repetidas en Categorias /S-Aplicativo Punto de Venta/Pago con tarjeta crédito y Debito                                                                                                                                                                                                   3
1c) Rutas repetidas en Categorias /S-Aplicativo Punto de Venta/Pago con Omonel; Bonomatic - Soriana YA                                                                                                                                                                                             3
1c) Rutas repetidas en Categorias /S-Aplicativo Punto de Venta/Membresía                                                                                                                                                                                                                           3
1c) Rutas repetidas en Categorias /S-Aplicativo Punto de Venta/Pago de remesas                                                                                                                                                                                                                     3
1c) Rutas repetidas en Categorias /S-Aplicativo Punto de Venta/Pago Servicios                                                                                                                                                                                                                      3
1c) Rutas repetidas en Categorias /S-Aplicativo Punto de Venta/Registro - Catalogo de frutas y verduras                                                                                                                                                                                            3
1c) Rutas repetidas en Categorias /S-Aplicativo Punto de Venta/Registro - Cobrado de mas                                                                                                                                                                                                           3
1c) Rutas repetidas en Categorias /S-Aplicativo Punto de Venta/Registro - Consulta de saldo falabella                                                                                                                                                                                              3
1c) Rutas repetidas en Categorias /S-Aplicativo Punto de Venta/Registro - Estacionamiento                                                                                                                                                                                                          3
1c) Rutas repetidas en Categorias /S-Aplicativo Punto de Venta/Registro - Menú de cocina                                                                                                                                                                                                           3
1c) Rutas repetidas en Categorias /S-Aplicativo Punto de Venta/Registro - No acumula puntos                                                                                                                                                                                                        3
1c) Rutas repetidas en Categorias /S-Aplicativo Punto de Venta/Registro - Retiros nomina                                                                                                                                                                                                           3
1c) Rutas repetidas en Categorias /S-Aplicativo Punto de Venta/Registro - Sim Sorcel                                                                                                                                                                                                               3
1c) Rutas repetidas en Categorias /S-Aplicativo Punto de Venta/Registro- Venta anticipada                                                                                                                                                                                                          3

Bloque           Filas                C1Unicos    Repetidos
---------------- -------------------- ----------- --------------------
2) vw_DuenoPorC1 72                   72          0

Bloque      FilasVistaAntes      FilasVistaAhora      FilasTabla           CasoAntes            CasoAhora            CasoEnTabla          Veredicto
----------- -------------------- -------------------- -------------------- -------------------- -------------------- -------------------- ----------------------------------------
4a) Despues 780                  780                  780                  1                    1                    1                    ok - una fila de vista por fila de tabla

Bloque                     Codigo                                                                                               Titulo                                                                                                                                                                                                                                                           Categorias  VolumenAhora
-------------------------- ---------------------------------------------------------------------------------------------------- ---------------------------------------------------------------------------------------------------------------------------------------------------------------------------------------------------------------------------------------------------------------- ----------- --------------------
4b) Volumen por iniciativa PRB 2026-000107                                                                                      Intermitencia con reseteos de contraseña de red por medio de SorIA                                                                                                                                                                                               2           158995
4b) Volumen por iniciativa PRB 2026-000019                                                                                      SorIA presenta lentitud con las respuestas hacia el AD Manager                                                                                                                                                                                                   1           106120
4b) Volumen por iniciativa MAP 2026-000069                                                                                      Alineación de categorías                                                                                                                                                                                                                                         1           106120
4b) Volumen por iniciativa MAP 2026-000035                                                                                      Limitar visibilidad a usuarios para enfocarlos al modelo de soporte de SorIA                                                                                                                                                                                     1           106120
4b) Volumen por iniciativa MAP 2026-000070                                                                                      Alineación de categorías                                                                                                                                                                                                                                         1           106120
4b) Volumen por iniciativa MAP 2026-000036                                                                                      Limitar visibilidad a usuarios para enfocarlos al modelo de soporte de SorIA                                                                                                                                                                                     1           52875
4b) Volumen por iniciativa PRB 2026-000034                                                                                      Incidencia el 13 de Febrero con cuentas de usuarios de tiendas que no lograban ingresar a la app evolution y a la app inventario con mensaje usuario no existe.                                                                                                  1           52875
4b) Volumen por iniciativa SOR 2026-000008                                                                                      SP9_ Estatus de ticket's cambio de status (proceso-acción de usuario)                                                                                                                                                                                            1           16100
4b) Volumen por iniciativa SOR 2026-000024                                                                                      SP_10 Consulta precios&promociones SAP                                                                                                                                                                                                                           1           16100
4b) Volumen por iniciativa PRB 2026-000035                                                                                      Precios y Promociones no Enviados a POS/Fenicia                                                                                                                                                                                                                  1           16100
4b) Volumen por iniciativa PRB 2025-000094                                                                                      Desbloqueo de usuarios de Fenicia                                                                                                                                                                                                                                2           5345
4b) Volumen por iniciativa PRB 2026-000074                                                                                      Embarques que contienen transferencias del cedi 5537 sin transito contabilizado                                                                                                                                                                                  2           4905
4b) Volumen por iniciativa PRB 2026-000014                                                                                      Embarques con incidencia por falta de tránsito contabilizado en materiales puntuales (tomate, Guata y manguera)                                                                                                                                                  2           4905
4b) Volumen por iniciativa HAR 2026-000014                                                                                      Reparación de cabezales compra de refacciones y stock                                                                                                                                                                                                            1           4548
4b) Volumen por iniciativa ADO 2026-000036                                                                                      Uso adecuado de los equipos                                                                                                                                                                                                                                      1           4548
4b) Volumen por iniciativa MAP 2026-000059                                                                                      Mantenimiento Preventivo                                                                                                                                                                                                                                         1           4548
4b) Volumen por iniciativa MAP 2026-000038                                                                                      Limitar visibilidad a usuarios para enfocarlos al modelo de soporte de SorIA                                                                                                                                                                                     1           4492
4b) Volumen por iniciativa SOR 2026-000041                                                                                      SP13_Mejora en el caso para generacion de ticket con los campos obligatorios de cuentas inactivas, dadas de baja por vigencia, expirada                                                                                                                          1           4492
4b) Volumen por iniciativa SOR 2026-000013                                                                                      SP6 ABC usuarios SAP (alta usuarios tiendas/cc)                                                                                                                                                                                                                  1           4378
4b) Volumen por iniciativa SOR 2026-000018                                                                                      SP13_ABC usuarios SAP                                                                                                                                                                                                                                            1           4378

Bloque                     Total                N2Propio    HeredadoC1  SinDueño
-------------------------- -------------------- ----------- ----------- -----------
4c) De donde sale el dueño 780                  771         1           8

Hora de finalizacion: 2026-09-30T03:59:56.7016924Z

Hora de finalización: 2026-09-29T21:59:56.7101774-06:00
