Ventana del tablero: 2026-09-13 a 2026-09-27
Bloque                 Objeto                                                                                                                                                                                                                                                           Tipo                                                         ModificadoMexico        CreadoMexico
---------------------- ---------------------------------------------------------------------------------------------------------------------------------------------------------------------------------------------------------------------------------------------------------------- ------------------------------------------------------------ ----------------------- -----------------------
1) Ultima modificacion dbo.vw_CorreoQA_Base                                                                                                                                                                                                                                             VIEW                                                         2026-09-28 12:29:33.870 2026-08-11 09:45:04.837
1) Ultima modificacion dbo.vw_AlertaQA_Base                                                                                                                                                                                                                                             VIEW                                                         2026-09-28 12:29:33.863 2026-09-15 18:06:27.617
1) Ultima modificacion dbo.usp_CorreoQA_GruposValidos                                                                                                                                                                                                                                   SQL_STORED_PROCEDURE                                         2026-09-28 12:29:33.300 2026-08-11 09:45:04.890
1) Ultima modificacion dbo.usp_CorreoQA_CatalogoCategorias                                                                                                                                                                                                                              SQL_STORED_PROCEDURE                                         2026-09-28 12:29:33.297 2026-08-11 09:45:04.880
1) Ultima modificacion dbo.usp_CorreoQA_Detalle                                                                                                                                                                                                                                         SQL_STORED_PROCEDURE                                         2026-09-28 12:29:33.290 2026-08-11 09:45:04.877
1) Ultima modificacion dbo.usp_CorreoQA_TendenciaPorTecnico                                                                                                                                                                                                                             SQL_STORED_PROCEDURE                                         2026-09-28 12:29:33.280 2026-08-11 09:45:04.870
1) Ultima modificacion dbo.usp_CorreoQA_TendenciaPorGrupo                                                                                                                                                                                                                               SQL_STORED_PROCEDURE                                         2026-09-28 12:29:33.277 2026-08-11 09:45:04.867
1) Ultima modificacion dbo.usp_CorreoQA_TopCategorias                                                                                                                                                                                                                                   SQL_STORED_PROCEDURE                                         2026-09-28 12:29:33.270 2026-08-11 09:45:04.860
1) Ultima modificacion dbo.usp_CorreoQA_PorTecnico                                                                                                                                                                                                                                      SQL_STORED_PROCEDURE                                         2026-09-28 12:29:33.263 2026-08-11 09:45:04.853
1) Ultima modificacion dbo.usp_CorreoQA_PorGrupo                                                                                                                                                                                                                                        SQL_STORED_PROCEDURE                                         2026-09-28 12:29:33.257 2026-08-11 09:45:04.850
1) Ultima modificacion dbo.usp_CorreoQA_Kpis                                                                                                                                                                                                                                            SQL_STORED_PROCEDURE                                         2026-09-28 12:29:33.250 2026-08-11 09:45:04.843
1) Ultima modificacion dbo.vw_CorreoQA_CategoriaUnica                                                                                                                                                                                                                                   VIEW                                                         2026-09-28 12:29:33.223 2026-08-11 09:45:04.830
1) Ultima modificacion dbo.usp_AlertaQA_MarcarAvisado                                                                                                                                                                                                                                   SQL_STORED_PROCEDURE                                         2026-09-25 17:23:18.253 2026-09-15 18:06:27.640
1) Ultima modificacion dbo.usp_AlertaQA_Pendientes                                                                                                                                                                                                                                      SQL_STORED_PROCEDURE                                         2026-09-25 17:23:18.247 2026-09-15 18:06:27.627
1) Ultima modificacion dbo.vw_GruposValidos                                                                                                                                                                                                                                             VIEW                                                         2026-09-25 11:24:32.407 2026-08-10 05:35:02.037

Bloque              Version                                                         Huella       FiltrosNotLike       LeeDe       SinGrupoEsSinCatalogo Largo
------------------- --------------------------------------------------------------- ------------ -------------------- ----------- --------------------- --------------------
1b) La vista de hoy 05 actual (vw_Tickets; sin grupo en el catalogo = Sin catalogo) B1B0343DF284 6                    vw_Tickets  si                    5009

Bloque                    Rutas                LoHeredan   SinGrupo    CalculadaMexico             UltimaCargaCatalogoMexico   AlDia
------------------------- -------------------- ----------- ----------- --------------------------- --------------------------- -----------------------------------------------
1c) La herencia de grupos 6340                 825         1487        2026-09-28 12:29:34         2026-09-28 12:00:54         si

Bloque                       Objeto                               Debe                            Tiene
---------------------------- ------------------------------------ ------------------------------- -------------
1d) Lo que no se debe perder dbo.usp_CorreoQA_Detalle             OPTION (RECOMPILE)              si
1d) Lo que no se debe perder dbo.usp_CorreoQA_Kpis                conteos en una pasada           si
1d) Lo que no se debe perder dbo.usp_CargarCategoriasDesdeStaging recalcular la herencia al final si

2) No se pudo leer la traza por omision: You do not have permission to run 'SYS.TRACES'.
Bloque                   Filas                Incorrectos PctIncorrectos                          Milisegundos TopDelTablero
------------------------ -------------------- ----------- --------------------------------------- ------------ -------------
3) Lectura de la ventana 3363                 143         4.25                                    1328         50000

Bloque                       Categoria                                                                                                                                                                                                                                                        Tickets              Incorrectos PctDelTotal
---------------------------- ---------------------------------------------------------------------------------------------------------------------------------------------------------------------------------------------------------------------------------------------------------------- -------------------- ----------- ---------------------------------------
4) Mas tickets en la ventana /S-Caja General/Aplicación Caja General                                                                                                                                                                                                                          393                  17          11.7
4) Mas tickets en la ventana /S-Biométrico/Falla en sistema de biométrico                                                                                                                                                                                                                     279                  0           8.3
4) Mas tickets en la ventana /S-Gestión de Inventarios y Recibo de mercancia/App Evolucion                                                                                                                                                                                                    209                  17          6.2
4) Mas tickets en la ventana /S-Caja General/Aplicacion Backoffice POS                                                                                                                                                                                                                        155                  1           4.6
4) Mas tickets en la ventana /S-Basculas/Aplicativo                                                                                                                                                                                                                                           146                  9           4.3
4) Mas tickets en la ventana /S-Equipo de Computo/Hardware                                                                                                                                                                                                                                    140                  10          4.2
4) Mas tickets en la ventana /S-Acceso Aplicaciones - Permisos/Usuario de red                                                                                                                                                                                                                 122                  6           3.6
4) Mas tickets en la ventana /S-Logistica/FENIX WMS - RECIBO PROVEEDORES                                                                                                                                                                                                                      107                  1           3.2
4) Mas tickets en la ventana /S-Acceso Aplicaciones - Permisos/SAP                                                                                                                                                                                                                            87                   4           2.6
4) Mas tickets en la ventana /S-Mesa de Control/Aplicación                                                                                                                                                                                                                                    77                   13          2.3
4) Mas tickets en la ventana /S-Ampliacion Punto de Venta/Aplicativo                                                                                                                                                                                                                          75                   1           2.2
4) Mas tickets en la ventana /S-Biométrico/Solicitud de servicio                                                                                                                                                                                                                              74                   0           2.2
4) Mas tickets en la ventana /S-Equipo de Computo/Aplicativo                                                                                                                                                                                                                                  72                   12          2.1
4) Mas tickets en la ventana /S-Biométrico/Fallas en Dispositivo Biométrico de control de Asistencia                                                                                                                                                                                          65                   0           1.9
4) Mas tickets en la ventana /S-Comunicaciones/Error de comunicación                                                                                                                                                                                                                          61                   10          1.8

Bloque                        SemanaDel  PuntoDeVentaAplicativo DeEsasAmpliaciones AmpliacionPuntoDeVenta AplicativosPuntoDeVenta TodosLosTickets
----------------------------- ---------- ---------------------- ------------------ ---------------------- ----------------------- --------------------
5) Por semana, en dbo.Tickets 2026-07-20 368                    52                 0                      0                       9777
5) Por semana, en dbo.Tickets 2026-07-27 517                    61                 4                      0                       6943
5) Por semana, en dbo.Tickets 2026-08-03 385                    66                 17                     0                       6107
5) Por semana, en dbo.Tickets 2026-08-10 583                    73                 36                     0                       7836
5) Por semana, en dbo.Tickets 2026-08-17 468                    51                 28                     0                       6540
5) Por semana, en dbo.Tickets 2026-08-24 386                    61                 37                     1                       6101
5) Por semana, en dbo.Tickets 2026-08-31 316                    53                 42                     1                       6002
5) Por semana, en dbo.Tickets 2026-09-07 181                    22                 294                    7                       5923
5) Por semana, en dbo.Tickets 2026-09-14 0                      0                  142                    194                     5367
5) Por semana, en dbo.Tickets 2026-09-21 0                      0                  29                     223                     5624
5) Por semana, en dbo.Tickets 2026-09-28 0                      0                  0                      10                      413

Bloque                        Regla                                                        Tickets     Incorrectos TotalDeLaVentana
----------------------------- ------------------------------------------------------------ ----------- ----------- --------------------
6) Lo que quitaria cada regla Ampliaciones de importe de cualquier arbol de Punto de Venta 2           0           3363
6) Lo que quitaria cada regla Todo S-Ampliacion Punto de Venta                             84          1           3363
6) Lo que quitaria cada regla Todo S-Aplicativos Punto de Venta                            249         6           3363

Bloque                                     Categoria                                                                                                                                                                                                                                                        Tickets              Incorrectos
------------------------------------------ ---------------------------------------------------------------------------------------------------------------------------------------------------------------------------------------------------------------------------------------------------------------- -------------------- -----------
6b) Dentro de S-Aplicativos Punto de Venta /S-Aplicativos Punto de Venta/Linea de cajas/Escalamiento Nivel 2                                                                                                                                                                                                37                   0
6b) Dentro de S-Aplicativos Punto de Venta /S-Aplicativos Punto de Venta/Modo autónomo/Capture registro de modo autónomo                                                                                                                                                                                    23                   0
6b) Dentro de S-Aplicativos Punto de Venta /S-Aplicativos Punto de Venta/Alta de Cajero/Modo autónomo                                                                                                                                                                                                       22                   1
6b) Dentro de S-Aplicativos Punto de Venta /S-Aplicativos Punto de Venta/Versión incorrecta/Caja con versión incorrecta                                                                                                                                                                                     16                   0
6b) Dentro de S-Aplicativos Punto de Venta /S-Aplicativos Punto de Venta/Alta de Cajero/Incidencia con tarjeta bonomatic o pin incorrecto                                                                                                                                                                   15                   1
6b) Dentro de S-Aplicativos Punto de Venta /S-Aplicativos Punto de Venta/Pago con tarjeta crédito y Debito/No hay conexión con el servidor                                                                                                                                                                  14                   1
6b) Dentro de S-Aplicativos Punto de Venta /S-Aplicativos Punto de Venta/Registro de Mercancía/Lentitud al marcar la mercancía                                                                                                                                                                              13                   0
6b) Dentro de S-Aplicativos Punto de Venta /S-Aplicativos Punto de Venta/Aprecio - Soriana Ya -  Omonel -  Falabella -  numero Telefónico/Lentitud al identificar el cliente                                                                                                                                10                   0
6b) Dentro de S-Aplicativos Punto de Venta /S-Aplicativos Punto de Venta/Alta de Cajero/Modo entrenamiento                                                                                                                                                                                                  9                    0
6b) Dentro de S-Aplicativos Punto de Venta /S-Aplicativos Punto de Venta/Pago Servicios/Servicio Invalido - No existe Servicio                                                                                                                                                                              9                    0
6b) Dentro de S-Aplicativos Punto de Venta /S-Aplicativos Punto de Venta/Programa de lealtad/No se acumularon los puntos                                                                                                                                                                                    8                    2
6b) Dentro de S-Aplicativos Punto de Venta /S-Aplicativos Punto de Venta/Abono Tarjeta Regalo/Fuera de Linea - Error al cobrar                                                                                                                                                                              7                    0
6b) Dentro de S-Aplicativos Punto de Venta /S-Aplicativos Punto de Venta/Pago con tarjeta crédito y Debito/Retención de saldo                                                                                                                                                                               7                    0
6b) Dentro de S-Aplicativos Punto de Venta /S-Aplicativos Punto de Venta/Registro - Nota de crédito/No existe                                                                                                                                                                                               7                    0
6b) Dentro de S-Aplicativos Punto de Venta /S-Aplicativos Punto de Venta/Devolución sin ticket/Por garantía                                                                                                                                                                                                 5                    0

Bloque                                    Categoria                                                                                                                                                                                                                                                        Tickets              Incorrectos
----------------------------------------- ---------------------------------------------------------------------------------------------------------------------------------------------------------------------------------------------------------------------------------------------------------------- -------------------- -----------
6c) Dentro de S-Ampliacion Punto de Venta /S-Ampliacion Punto de Venta/Aplicativo/Linea de cajas/Escalamiento Nivel 2                                                                                                                                                                                      23                   0
6c) Dentro de S-Ampliacion Punto de Venta /S-Ampliacion Punto de Venta/Aplicativo/Caja con error al realizar el cobro en el Punto de venta                                                                                                                                                                 11                   0
6c) Dentro de S-Ampliacion Punto de Venta /S-Ampliacion Punto de Venta/Aplicativo/Lentitud para alta de cajero                                                                                                                                                                                             9                    0
6c) Dentro de S-Ampliacion Punto de Venta /S-Ampliacion Punto de Venta/Aplicativo/Incidentes con Tarjetas Bonomatic o Vales                                                                                                                                                                                7                    0
6c) Dentro de S-Ampliacion Punto de Venta /S-Ampliacion Punto de Venta/Aplicativo/No aplica Programa de Lealtad                                                                                                                                                                                            7                    0
6c) Dentro de S-Ampliacion Punto de Venta /S-Ampliacion Punto de Venta/Aplicativo/Error con códigos de artículos                                                                                                                                                                                           6                    0
6c) Dentro de S-Ampliacion Punto de Venta /S-Ampliacion Punto de Venta/Hardware/Falla Gaveta de dinero                                                                                                                                                                                                     4                    0
6c) Dentro de S-Ampliacion Punto de Venta /S-Ampliacion Punto de Venta/Hardware/Falla Scanner Báscula                                                                                                                                                                                                      4                    0
6c) Dentro de S-Ampliacion Punto de Venta /S-Ampliacion Punto de Venta/Aplicativo/Incidentes de pago con Tarjeta bancaria Crédito o Debito                                                                                                                                                                 3                    1
6c) Dentro de S-Ampliacion Punto de Venta /S-Ampliacion Punto de Venta/Aplicativo/Modo Autónomo o Pantalla Rosa                                                                                                                                                                                            3                    0

Bloque                                                        GrupoQuePideElCatalogo                                                                                                                                                                                                                                          GrupoDelTicket                                                                                                                                                                                                                                                  Tickets              DeAplicativosPuntoDeVenta
------------------------------------------------------------- --------------------------------------------------------------------------------------------------------------------------------------------------------------------------------------------------------------------------------------------------------------- --------------------------------------------------------------------------------------------------------------------------------------------------------------------------------------------------------------------------------------------------------------- -------------------- -------------------------
7) Incorrectos: grupo que pide el catalogo y grupo del ticket Service Desk                                                                                                                                                                                                                                                    Soporte Especializado en Aplicativos Inetum                                                                                                                                                                                                                     18                   3
7) Incorrectos: grupo que pide el catalogo y grupo del ticket Soporte App Evolución Soriana Inetum                                                                                                                                                                                                                            Soporte N3 WMS                                                                                                                                                                                                                                                  17                   0
7) Incorrectos: grupo que pide el catalogo y grupo del ticket Soporte Especializado en Aplicativos Inetum                                                                                                                                                                                                                     Service Desk                                                                                                                                                                                                                                                    11                   0
7) Incorrectos: grupo que pide el catalogo y grupo del ticket Soporte Especializado en Aplicativos Inetum                                                                                                                                                                                                                     End User                                                                                                                                                                                                                                                        6                    0
7) Incorrectos: grupo que pide el catalogo y grupo del ticket Soporte OAT                                                                                                                                                                                                                                                     Control Tower                                                                                                                                                                                                                                                   6                    0
7) Incorrectos: grupo que pide el catalogo y grupo del ticket End User                                                                                                                                                                                                                                                        Soporte Especializado en Aplicativos Inetum                                                                                                                                                                                                                     6                    0
7) Incorrectos: grupo que pide el catalogo y grupo del ticket Control Tower                                                                                                                                                                                                                                                   Soporte OAT                                                                                                                                                                                                                                                     6                    0
7) Incorrectos: grupo que pide el catalogo y grupo del ticket Soporte RETO                                                                                                                                                                                                                                                    Service Desk                                                                                                                                                                                                                                                    5                    0
7) Incorrectos: grupo que pide el catalogo y grupo del ticket Seguridad Informática                                                                                                                                                                                                                                           Soporte OAT                                                                                                                                                                                                                                                     5                    0
7) Incorrectos: grupo que pide el catalogo y grupo del ticket Soporte RETO                                                                                                                                                                                                                                                    Laboratorio de Sistemas                                                                                                                                                                                                                                         4                    0
7) Incorrectos: grupo que pide el catalogo y grupo del ticket Seguridad Informática                                                                                                                                                                                                                                           Service Desk                                                                                                                                                                                                                                                    4                    0
7) Incorrectos: grupo que pide el catalogo y grupo del ticket Soporte OAT                                                                                                                                                                                                                                                     Soporte Campo                                                                                                                                                                                                                                                   4                    0
7) Incorrectos: grupo que pide el catalogo y grupo del ticket Control de Accesos TI                                                                                                                                                                                                                                           Soporte Operaciones                                                                                                                                                                                                                                             4                    0
7) Incorrectos: grupo que pide el catalogo y grupo del ticket Soporte RETO                                                                                                                                                                                                                                                    End User                                                                                                                                                                                                                                                        3                    0
7) Incorrectos: grupo que pide el catalogo y grupo del ticket Service Desk                                                                                                                                                                                                                                                    Control Tower                                                                                                                                                                                                                                                   3                    2

Bloque                          CorreoDel  Desde      Tickets              Incorrectos PctIncorrectos                          IncorrectosDeAplicativosPV
------------------------------- ---------- ---------- -------------------- ----------- --------------------------------------- --------------------------
8) Lo que habria dado el correo 2026-09-25 2026-09-10 4522                 190         4.20                                    6
8) Lo que habria dado el correo 2026-09-26 2026-09-11 4184                 170         4.06                                    6
8) Lo que habria dado el correo 2026-09-27 2026-09-12 3772                 153         4.06                                    6
8) Lo que habria dado el correo 2026-09-28 2026-09-13 3370                 143         4.24                                    6

Bloque                           Arbol                                GrupoQuePide                                                                                         Rutas                Vigentes    PrimeraAltaMexico           UltimaAltaMexico            UltimaCargaMexico
-------------------------------- ------------------------------------ ---------------------------------------------------------------------------------------------------- -------------------- ----------- --------------------------- --------------------------- ---------------------------
9) En el catalogo dbo.Categorias S-Ampliacion Punto de Venta          Service Desk                                                                                         26                   26          2026-08-07 14:32:43         2026-08-07 14:32:43         2026-09-21 14:00:47
9) En el catalogo dbo.Categorias S-Ampliacion Punto de Venta          Soporte Especializado en Aplicativos Inetum                                                          7                    7           2026-08-07 14:32:43         2026-08-07 14:32:43         2026-09-17 13:00:51
9) En el catalogo dbo.Categorias S-Ampliacion Punto de Venta          Soporte Campo                                                                                        6                    6           2026-08-07 14:32:43         2026-08-07 14:32:43         2026-09-15 08:35:54
9) En el catalogo dbo.Categorias S-Ampliacion Punto de Venta          (vacio)                                                                                              3                    3           2026-08-07 14:32:43         2026-08-07 14:32:43         2026-09-15 08:35:54
9) En el catalogo dbo.Categorias S-Ampliacion Punto de Venta          End User                                                                                             2                    2           2026-08-07 14:32:43         2026-08-07 14:32:43         2026-09-15 08:35:54
9) En el catalogo dbo.Categorias S-Aplicativos Punto de Venta (nuevo) (vacio)                                                                                              105                  105         2026-08-31 08:26:18         2026-09-03 08:35:38         2026-09-21 14:00:47
9) En el catalogo dbo.Categorias S-Aplicativos Punto de Venta (nuevo) Service Desk                                                                                         5                    5           2026-08-31 08:26:18         2026-08-31 08:26:18         2026-09-25 18:00:57
9) En el catalogo dbo.Categorias S-Aplicativos Punto de Venta (nuevo) Soporte Especializado en Aplicativos Inetum                                                          5                    5           2026-09-14 08:44:22         2026-09-17 12:00:52         2026-09-17 13:00:51

Bloque                               Hoy          ConHerencia  Tickets
------------------------------------ ------------ ------------ --------------------
10) Ventana: hoy contra con herencia Incorrecto   Incorrecto   143
10) Ventana: hoy contra con herencia OK           OK           3029
10) Ventana: hoy contra con herencia Sin catalogo Sin catalogo 16
10) Ventana: hoy contra con herencia Valido       Valido       175

Bloque                     Tickets              IncorrectosHoy PctHoy                                  IncorrectosConHerencia PctConHerencia
-------------------------- -------------------- -------------- --------------------------------------- ---------------------- ---------------------------------------
10b) Totales de la ventana 3363                 143            4.25                                    143                    4.25

Bloque                      Categoria                                                                                                                                                                                                                                                        HeredaDe                                                                                                                                                                                                                                                         GrupoHeredado                                                                                        Tickets              OK          Valido      Incorrecto
--------------------------- ---------------------------------------------------------------------------------------------------------------------------------------------------------------------------------------------------------------------------------------------------------------- ---------------------------------------------------------------------------------------------------------------------------------------------------------------------------------------------------------------------------------------------------------------- ---------------------------------------------------------------------------------------------------- -------------------- ----------- ----------- -----------

Bloque                                           PrimerNivel                                                                                                                                                                                                                                                      Rutas                SinGrupoPropio LoHeredan   NiPropioNiHeredado
------------------------------------------------ ---------------------------------------------------------------------------------------------------------------------------------------------------------------------------------------------------------------------------------------------------------------- -------------------- -------------- ----------- ------------------
10d) Catalogo activo sin grupo, por primer nivel /S-Comercio Electrónico                                                                                                                                                                                                                                          175                  130            130         0
10d) Catalogo activo sin grupo, por primer nivel /S-Aplicativos Punto de Venta                                                                                                                                                                                                                                    111                  101            101         0
10d) Catalogo activo sin grupo, por primer nivel /Soria                                                                                                                                                                                                                                                           65                   43             11          32
10d) Catalogo activo sin grupo, por primer nivel /S-Datos-Maestros                                                                                                                                                                                                                                                185                  25             0           25
10d) Catalogo activo sin grupo, por primer nivel /S-Workflow Importaciones                                                                                                                                                                                                                                        68                   18             0           18
10d) Catalogo activo sin grupo, por primer nivel /Monitoreo Activación Continua                                                                                                                                                                                                                                   34                   9              0           9
10d) Catalogo activo sin grupo, por primer nivel /S-Logistica                                                                                                                                                                                                                                                     72                   8              8           0
10d) Catalogo activo sin grupo, por primer nivel /S-Portal Socios                                                                                                                                                                                                                                                 28                   8              0           8
10d) Catalogo activo sin grupo, por primer nivel /S-Comunicaciones                                                                                                                                                                                                                                                25                   6              0           6
10d) Catalogo activo sin grupo, por primer nivel /S-Imperia                                                                                                                                                                                                                                                       19                   6              0           6
10d) Catalogo activo sin grupo, por primer nivel /S-JR                                                                                                                                                                                                                                                            6                    6              0           6
10d) Catalogo activo sin grupo, por primer nivel /SAP                                                                                                                                                                                                                                                             7                    4              0           4
10d) Catalogo activo sin grupo, por primer nivel /S-Equipo de Computo                                                                                                                                                                                                                                             49                   3              0           3
10d) Catalogo activo sin grupo, por primer nivel /S-Abasto                                                                                                                                                                                                                                                        18                   3              0           3
10d) Catalogo activo sin grupo, por primer nivel /Administración                                                                                                                                                                                                                                                  9                    3              0           3
10d) Catalogo activo sin grupo, por primer nivel /Escritorio Virtual                                                                                                                                                                                                                                              13                   3              0           3
10d) Catalogo activo sin grupo, por primer nivel /S-Caja General                                                                                                                                                                                                                                                  44                   3              1           2
10d) Catalogo activo sin grupo, por primer nivel /S-Ampliacion Punto de Venta                                                                                                                                                                                                                                     5                    2              0           2
10d) Catalogo activo sin grupo, por primer nivel /S-Acceso Aplicaciones - Permisos                                                                                                                                                                                                                                17                   2              0           2
10d) Catalogo activo sin grupo, por primer nivel /S-Gestión de Inventarios y Recibo de mercancia                                                                                                                                                                                                                  21                   2              0           2

Fin: 2026-09-28T18:31:00.2455969Z

Hora de finalización: 2026-09-28T12:31:00.2591720-06:00
