Objeto
----------------------------------------------------------------------------------------------------------------------------------------------------------------------------------------------------------------------------------------------------------------
dbo.usp_AgenteCandidatos
dbo.usp_AlertaQA_Pendientes
dbo.usp_CargarCatCausaRaizAgrupador
dbo.usp_CargarCatCedis
dbo.usp_CargarCategoriasDesdeStaging
dbo.usp_CargarCatGruposValidos
dbo.usp_CargarCatLiderGrupo
dbo.usp_CargarExperiencia
dbo.usp_CargarTicketsDesdeStaging
dbo.usp_CorreoBacklog_Backfill
dbo.usp_CorreoBacklog_FinalizarEjecucion
dbo.usp_CorreoBacklog_PrepararCorte
dbo.usp_CorreoQA_Detalle
dbo.usp_CorreoQA_Kpis
dbo.usp_CorreoQA_PorGrupo
dbo.usp_CorreoQA_PorTecnico
dbo.usp_CorreoQA_TendenciaPorGrupo
dbo.usp_CorreoQA_TendenciaPorTecnico
dbo.usp_CorreoQA_TopCategorias
dbo.usp_CorreoQARE_CausaRaiz
dbo.usp_CorreoQARE_ConfirmacionVsQA
dbo.usp_CorreoQARE_Detalle
dbo.usp_CorreoQARE_Frecuencia
dbo.usp_CorreoQARE_KB
dbo.usp_CorreoQARE_KPIs
dbo.usp_CorreoQARE_OportunidadesKB
dbo.usp_CorreoQARE_RecurrentesAplicacion
dbo.usp_CorreoQARE_RecurrentesCategoria
dbo.usp_CorreoQARE_TipoSolucion
dbo.usp_CorreoServicio_CreadosDash
dbo.usp_CorreoServicio_Datos
dbo.usp_CorreoServicio_Principal
dbo.usp_Dash_SlaLiderGrupo
dbo.usp_TicketIds_Registrar
dbo.vw_Backlog
dbo.vw_Cerrados_15Dias
dbo.vw_Creados_15Dias
dbo.vw_ProblemCategoria
dbo.vw_ProblemResumen
dbo.vw_ProblemVencido
dbo.vw_QA_15Dias
dbo.vw_ServicioTickets
dbo.vw_Tickets
dbo.vw_Tickets_Data

(44 filas afectadas)


Hora de finalización: 2026-09-25T10:47:39.0745788-06:00
