Bloque                  Tickets              VentanaMediana                          RealMediana                             RealP90                                 BrechaMediana
----------------------- -------------------- --------------------------------------- --------------------------------------- --------------------------------------- ---------------------------------------
1) Comprometido vs real 1326                 20.0                                    185.9                                   500.9                                   165.9

Bloque           Categoria                                                                                                                                                                                                                                                        Tickets              VentanaMediana                          RealMediana                             BrechaHoras                             Cumplimiento
---------------- ---------------------------------------------------------------------------------------------------------------------------------------------------------------------------------------------------------------------------------------------------------------- -------------------- --------------------------------------- --------------------------------------- --------------------------------------- ---------------------------------------
2) Por categoria /S-Biométrico/Falla en sistema de biométrico/Usuario no encontrado                                                                                                                                                                                               386                  20.0                                    167.7                                   147.7                                   17.62
2) Por categoria /S-Biométrico/Falla en sistema de biométrico/Tarjeta invalida                                                                                                                                                                                                    226                  20.0                                    216.0                                   196.0                                   13.72
2) Por categoria /S-Biométrico/Fallas en Dispositivo Biométrico de control de Asistencia/Solo registra entrada                                                                                                                                                                    178                  20.0                                    164.2                                   144.2                                   21.91
2) Por categoria /S-Biométrico/Solicitud de servicio/Falla enrolamiento                                                                                                                                                                                                           176                  20.0                                    167.4                                   147.4                                   19.32
2) Por categoria /S-Biométrico/Falla en sistema de biométrico/Kardex incompleto                                                                                                                                                                                                   157                  20.0                                    168.3                                   148.3                                   19.75
2) Por categoria /S-Biométrico/Falla en sistema de biométrico/Usuario no autorizado                                                                                                                                                                                               86                   20.0                                    239.6                                   219.6                                   12.79
2) Por categoria /S-Biométrico/Solicitud de servicio/Problemas de visibilidad de plantilla                                                                                                                                                                                        47                   20.0                                    216.6                                   196.6                                   21.28
2) Por categoria /S-Biométrico/Falla en sistema de biométrico/Limite de huellas                                                                                                                                                                                                   23                   20.0                                    242.3                                   222.3                                   0.00
2) Por categoria /S-Biométrico/Falla en sistema de biométrico/Configuración de horario en biométrico                                                                                                                                                                              17                   20.0                                    261.6                                   241.6                                   17.65
2) Por categoria /S-Biométrico/Daño en Dispositivo Biométrico/Sensor no enciende                                                                                                                                                                                                  12                   20.0                                    340.5                                   320.5                                   8.33
2) Por categoria /S-Biométrico/Daño en Dispositivo Biométrico/Botones no funcionan                                                                                                                                                                                                7                    50.0                                    163.4                                   113.4                                   28.57
2) Por categoria /S-Biométrico/Daño en Dispositivo Biométrico/Pantalla (display no enciende o dañado)                                                                                                                                                                             5                    49.0                                    533.8                                   484.8                                   0.00
2) Por categoria /S-Biométrico/Daño en Dispositivo Biométrico/Fuente de alimentación dañada                                                                                                                                                                                       2                    20.0                                    237.2                                   217.2                                   50.00
2) Por categoria /S-Biométrico/Hardware/Daño en Dispositivo Biométrico/Fuente de alimentación dañada                                                                                                                                                                              2                    53.9                                    457.9                                   404.0                                   0.00
2) Por categoria /S-Biométrico/Hardware/Daño en Dispositivo Biométrico/Sensor no enciende                                                                                                                                                                                         2                    69.7                                    368.4                                   298.7                                   0.00

Bloque             SLA                                                                                                                                                                                                      Prioridad                                                                                            Tipo                                                                                                 Tickets              VentanaMediaHoras                       RealMediaHoras                          Cumplimiento
------------------ -------------------------------------------------------------------------------------------------------------------------------------------------------------------------------------------------------- ---------------------------------------------------------------------------------------------------- ---------------------------------------------------------------------------------------------------- -------------------- --------------------------------------- --------------------------------------- ---------------------------------------
3) SLA y prioridad SLA_Prioridad_Alto                                                                                                                                                                                       Media                                                                                                Incidencia                                                                                           721                  31.0                                    230.5                                   15.26
3) SLA y prioridad SLA_Prioridad_Alto                                                                                                                                                                                       Alta                                                                                                 Incidencia                                                                                           382                  31.1                                    213.2                                   20.16
3) SLA y prioridad SLA_Prioridad_Alto                                                                                                                                                                                       Alta                                                                                                 Petición de Servicio                                                                                 223                  30.4                                    233.1                                   19.73

Bloque                   Categoria                                                                                                                                                                                                                                                        Tickets              VentanaHoy                              P50                                     P80                                     P90                                     P95
------------------------ ---------------------------------------------------------------------------------------------------------------------------------------------------------------------------------------------------------------------------------------------------------------- -------------------- --------------------------------------- --------------------------------------- --------------------------------------- --------------------------------------- ---------------------------------------
4) Ventana que cumpliria /S-Biométrico/Falla en sistema de biométrico/Usuario no encontrado                                                                                                                                                                                               386                  20.0                                    167.7                                   336.2                                   434.5                                   577.5
4) Ventana que cumpliria /S-Biométrico/Falla en sistema de biométrico/Tarjeta invalida                                                                                                                                                                                                    226                  20.0                                    216.0                                   459.6                                   526.4                                   580.1
4) Ventana que cumpliria /S-Biométrico/Fallas en Dispositivo Biométrico de control de Asistencia/Solo registra entrada                                                                                                                                                                    178                  20.0                                    164.2                                   286.3                                   357.1                                   488.2
4) Ventana que cumpliria /S-Biométrico/Solicitud de servicio/Falla enrolamiento                                                                                                                                                                                                           176                  20.0                                    167.4                                   401.7                                   478.8                                   529.4
4) Ventana que cumpliria /S-Biométrico/Falla en sistema de biométrico/Kardex incompleto                                                                                                                                                                                                   157                  20.0                                    168.3                                   412.2                                   469.7                                   579.2
4) Ventana que cumpliria /S-Biométrico/Falla en sistema de biométrico/Usuario no autorizado                                                                                                                                                                                               86                   20.0                                    239.6                                   500.4                                   531.6                                   574.8
4) Ventana que cumpliria /S-Biométrico/Solicitud de servicio/Problemas de visibilidad de plantilla                                                                                                                                                                                        47                   20.0                                    216.6                                   502.6                                   587.5                                   691.0
4) Ventana que cumpliria /S-Biométrico/Falla en sistema de biométrico/Limite de huellas                                                                                                                                                                                                   23                   20.0                                    242.3                                   372.7                                   450.4                                   497.9
4) Ventana que cumpliria /S-Biométrico/Falla en sistema de biométrico/Configuración de horario en biométrico                                                                                                                                                                              17                   20.0                                    261.6                                   586.4                                   712.9                                   818.0
4) Ventana que cumpliria /S-Biométrico/Daño en Dispositivo Biométrico/Sensor no enciende                                                                                                                                                                                                  12                   20.0                                    340.5                                   425.6                                   430.8                                   442.1
4) Ventana que cumpliria /S-Biométrico/Daño en Dispositivo Biométrico/Botones no funcionan                                                                                                                                                                                                7                    50.0                                    163.4                                   228.4                                   240.2                                   241.2
4) Ventana que cumpliria /S-Biométrico/Daño en Dispositivo Biométrico/Pantalla (display no enciende o dañado)                                                                                                                                                                             5                    49.0                                    533.8                                   649.9                                   707.3                                   736.1
4) Ventana que cumpliria /S-Biométrico/Daño en Dispositivo Biométrico/Fuente de alimentación dañada                                                                                                                                                                                       2                    20.0                                    237.2                                   367.9                                   411.4                                   433.2
4) Ventana que cumpliria /S-Biométrico/Hardware/Daño en Dispositivo Biométrico/Fuente de alimentación dañada                                                                                                                                                                              2                    53.9                                    457.9                                   488.7                                   498.9                                   504.0
4) Ventana que cumpliria /S-Biométrico/Hardware/Daño en Dispositivo Biométrico/Sensor no enciende                                                                                                                                                                                         2                    69.7                                    368.4                                   444.3                                   469.6                                   482.2

Bloque                          Rango             Tickets              Cumplen
------------------------------- ----------------- -------------------- -----------
5) Distribucion del tiempo real a) hasta 1 dia    133                  107
5) Distribucion del tiempo real b) 1 a 3 dias     221                  122
5) Distribucion del tiempo real c) 3 a 7 dias     289                  2
5) Distribucion del tiempo real d) 7 a 14 dias    338                  0
5) Distribucion del tiempo real e) 14 a 30 dias   329                  0
5) Distribucion del tiempo real f) mas de 30 dias 16                   0

Bloque                    Grupo                                                                                                                                                                                                                                                           Tickets              VentanaMediana                          RealMediana                             Cumplimiento
------------------------- --------------------------------------------------------------------------------------------------------------------------------------------------------------------------------------------------------------------------------------------------------------- -------------------- --------------------------------------- --------------------------------------- ---------------------------------------
6) Contraste entre grupos Proveedor Lexmark                                                                                                                                                                                                                                               158                  357.3                                   94.5                                    98.10
6) Contraste entre grupos Soporte OAT                                                                                                                                                                                                                                                     125                  120.0                                   2.7                                     97.60
6) Contraste entre grupos Soporte Campo                                                                                                                                                                                                                                                   256                  312.0                                   163.0                                   78.13
6) Contraste entre grupos Proveedor Toshiba                                                                                                                                                                                                                                               67                   366.7                                   363.5                                   76.12
6) Contraste entre grupos Proveedor NCR                                                                                                                                                                                                                                                   93                   340.8                                   337.9                                   72.04
6) Contraste entre grupos Vendor Managment                                                                                                                                                                                                                                                183                  337.6                                   379.9                                   52.46
6) Contraste entre grupos Soporte Basculas                                                                                                                                                                                                                                                31                   53.5                                    96.1                                    35.48
6) Contraste entre grupos Proveedor RODHE                                                                                                                                                                                                                                                 1326                 20.0                                    185.9                                   17.42

Hora de finalizacion: 2026-09-23T19:39:51.1388815Z

Hora de finalización: 2026-09-23T13:39:51.1575720-06:00
